Archive member included to satisfy reference by file (symbol)

c:/intelfpga_lite/18.1/nios2eds/bin/gnu/h-x86_64-mingw32/bin/../lib/gcc/nios2-elf/5.3.0/../../../../../H-x86_64-mingw32/nios2-elf/lib/mhw-mulx\libc.a(lib_a-puts.o)
                              obj/default/binary_game.o (puts)
c:/intelfpga_lite/18.1/nios2eds/bin/gnu/h-x86_64-mingw32/bin/../lib/gcc/nios2-elf/5.3.0/../../../../../H-x86_64-mingw32/nios2-elf/lib/mhw-mulx\libc.a(lib_a-rand.o)
                              obj/default/binary_game.o (rand)
c:/intelfpga_lite/18.1/nios2eds/bin/gnu/h-x86_64-mingw32/bin/../lib/gcc/nios2-elf/5.3.0/../../../../../H-x86_64-mingw32/nios2-elf/lib/mhw-mulx\libc.a(lib_a-strlen.o)
                              c:/intelfpga_lite/18.1/nios2eds/bin/gnu/h-x86_64-mingw32/bin/../lib/gcc/nios2-elf/5.3.0/../../../../../H-x86_64-mingw32/nios2-elf/lib/mhw-mulx\libc.a(lib_a-puts.o) (strlen)
c:/intelfpga_lite/18.1/nios2eds/bin/gnu/h-x86_64-mingw32/bin/../lib/gcc/nios2-elf/5.3.0/../../../../../H-x86_64-mingw32/nios2-elf/lib/mhw-mulx\libc.a(lib_a-findfp.o)
                              c:/intelfpga_lite/18.1/nios2eds/bin/gnu/h-x86_64-mingw32/bin/../lib/gcc/nios2-elf/5.3.0/../../../../../H-x86_64-mingw32/nios2-elf/lib/mhw-mulx\libc.a(lib_a-puts.o) (__sinit)
c:/intelfpga_lite/18.1/nios2eds/bin/gnu/h-x86_64-mingw32/bin/../lib/gcc/nios2-elf/5.3.0/../../../../../H-x86_64-mingw32/nios2-elf/lib/mhw-mulx\libc.a(lib_a-fvwrite.o)
                              c:/intelfpga_lite/18.1/nios2eds/bin/gnu/h-x86_64-mingw32/bin/../lib/gcc/nios2-elf/5.3.0/../../../../../H-x86_64-mingw32/nios2-elf/lib/mhw-mulx\libc.a(lib_a-puts.o) (__sfvwrite_r)
c:/intelfpga_lite/18.1/nios2eds/bin/gnu/h-x86_64-mingw32/bin/../lib/gcc/nios2-elf/5.3.0/../../../../../H-x86_64-mingw32/nios2-elf/lib/mhw-mulx\libc.a(lib_a-fwalk.o)
                              c:/intelfpga_lite/18.1/nios2eds/bin/gnu/h-x86_64-mingw32/bin/../lib/gcc/nios2-elf/5.3.0/../../../../../H-x86_64-mingw32/nios2-elf/lib/mhw-mulx\libc.a(lib_a-findfp.o) (_fwalk)
c:/intelfpga_lite/18.1/nios2eds/bin/gnu/h-x86_64-mingw32/bin/../lib/gcc/nios2-elf/5.3.0/../../../../../H-x86_64-mingw32/nios2-elf/lib/mhw-mulx\libc.a(lib_a-impure.o)
                              c:/intelfpga_lite/18.1/nios2eds/bin/gnu/h-x86_64-mingw32/bin/../lib/gcc/nios2-elf/5.3.0/../../../../../H-x86_64-mingw32/nios2-elf/lib/mhw-mulx\libc.a(lib_a-findfp.o) (_global_impure_ptr)
c:/intelfpga_lite/18.1/nios2eds/bin/gnu/h-x86_64-mingw32/bin/../lib/gcc/nios2-elf/5.3.0/../../../../../H-x86_64-mingw32/nios2-elf/lib/mhw-mulx\libc.a(lib_a-mallocr.o)
                              c:/intelfpga_lite/18.1/nios2eds/bin/gnu/h-x86_64-mingw32/bin/../lib/gcc/nios2-elf/5.3.0/../../../../../H-x86_64-mingw32/nios2-elf/lib/mhw-mulx\libc.a(lib_a-findfp.o) (_malloc_r)
c:/intelfpga_lite/18.1/nios2eds/bin/gnu/h-x86_64-mingw32/bin/../lib/gcc/nios2-elf/5.3.0/../../../../../H-x86_64-mingw32/nios2-elf/lib/mhw-mulx\libc.a(lib_a-memchr.o)
                              c:/intelfpga_lite/18.1/nios2eds/bin/gnu/h-x86_64-mingw32/bin/../lib/gcc/nios2-elf/5.3.0/../../../../../H-x86_64-mingw32/nios2-elf/lib/mhw-mulx\libc.a(lib_a-fvwrite.o) (memchr)
c:/intelfpga_lite/18.1/nios2eds/bin/gnu/h-x86_64-mingw32/bin/../lib/gcc/nios2-elf/5.3.0/../../../../../H-x86_64-mingw32/nios2-elf/lib/mhw-mulx\libc.a(lib_a-memcpy.o)
                              c:/intelfpga_lite/18.1/nios2eds/bin/gnu/h-x86_64-mingw32/bin/../lib/gcc/nios2-elf/5.3.0/../../../../../H-x86_64-mingw32/nios2-elf/lib/mhw-mulx\libc.a(lib_a-fvwrite.o) (memcpy)
c:/intelfpga_lite/18.1/nios2eds/bin/gnu/h-x86_64-mingw32/bin/../lib/gcc/nios2-elf/5.3.0/../../../../../H-x86_64-mingw32/nios2-elf/lib/mhw-mulx\libc.a(lib_a-memmove.o)
                              c:/intelfpga_lite/18.1/nios2eds/bin/gnu/h-x86_64-mingw32/bin/../lib/gcc/nios2-elf/5.3.0/../../../../../H-x86_64-mingw32/nios2-elf/lib/mhw-mulx\libc.a(lib_a-fvwrite.o) (memmove)
c:/intelfpga_lite/18.1/nios2eds/bin/gnu/h-x86_64-mingw32/bin/../lib/gcc/nios2-elf/5.3.0/../../../../../H-x86_64-mingw32/nios2-elf/lib/mhw-mulx\libc.a(lib_a-memset.o)
                              c:/intelfpga_lite/18.1/nios2eds/bin/gnu/h-x86_64-mingw32/bin/../lib/gcc/nios2-elf/5.3.0/../../../../../H-x86_64-mingw32/nios2-elf/lib/mhw-mulx\libc.a(lib_a-findfp.o) (memset)
c:/intelfpga_lite/18.1/nios2eds/bin/gnu/h-x86_64-mingw32/bin/../lib/gcc/nios2-elf/5.3.0/../../../../../H-x86_64-mingw32/nios2-elf/lib/mhw-mulx\libc.a(lib_a-reallocr.o)
                              c:/intelfpga_lite/18.1/nios2eds/bin/gnu/h-x86_64-mingw32/bin/../lib/gcc/nios2-elf/5.3.0/../../../../../H-x86_64-mingw32/nios2-elf/lib/mhw-mulx\libc.a(lib_a-fvwrite.o) (_realloc_r)
c:/intelfpga_lite/18.1/nios2eds/bin/gnu/h-x86_64-mingw32/bin/../lib/gcc/nios2-elf/5.3.0/../../../../../H-x86_64-mingw32/nios2-elf/lib/mhw-mulx\libc.a(lib_a-sbrkr.o)
                              c:/intelfpga_lite/18.1/nios2eds/bin/gnu/h-x86_64-mingw32/bin/../lib/gcc/nios2-elf/5.3.0/../../../../../H-x86_64-mingw32/nios2-elf/lib/mhw-mulx\libc.a(lib_a-mallocr.o) (_sbrk_r)
[...]
Memory Configuration

Name             Origin             Length             Attributes
reset            0x0000000000000000 0x0000000000000020
SDRAM            0x0000000000000020 0x0000000003ffffe0
VGA_Subsystem_Char_Buf_Subsystem_Onchip_SRAM 0x0000000009000000 0x0000000000002000
*default*        0x0000000000000000 0xffffffffffffffff

Linker script and memory map

LOAD ../cme332_ex5_ucosii_bsp//obj/HAL/src/crt0.o
LOAD obj/default/binary_game.o
LOAD c:/intelfpga_lite/18.1/nios2eds/bin/gnu/h-x86_64-mingw32/bin/../lib/gcc/nios2-elf/5.3.0/../../../../../H-x86_64-mingw32/nios2-elf/lib/mhw-mulx\libstdc++.a
LOAD c:/intelfpga_lite/18.1/nios2eds/bin/gnu/h-x86_64-mingw32/bin/../lib/gcc/nios2-elf/5.3.0/../../../../../H-x86_64-mingw32/nios2-elf/lib/mhw-mulx\libm.a
LOAD c:/intelfpga_lite/18.1/nios2eds/bin/gnu/h-x86_64-mingw32/bin/../lib/gcc/nios2-elf/5.3.0/mhw-mulx\libgcc.a
START GROUP
LOAD c:/intelfpga_lite/18.1/nios2eds/bin/gnu/h-x86_64-mingw32/bin/../lib/gcc/nios2-elf/5.3.0/../../../../../H-x86_64-mingw32/nios2-elf/lib/mhw-mulx\libc.a
LOAD c:/intelfpga_lite/18.1/nios2eds/bin/gnu/h-x86_64-mingw32/bin/../lib/gcc/nios2-elf/5.3.0/mhw-mulx\libgcc.a
LOAD ../cme332_ex5_ucosii_bsp/\libucosii_bsp.a
LOAD c:/intelfpga_lite/18.1/nios2eds/bin/gnu/h-x86_64-mingw32/bin/../lib/gcc/nios2-elf/5.3.0/../../../../../H-x86_64-mingw32/nios2-elf/lib/mhw-mulx\libm.a
END GROUP
LOAD c:/intelfpga_lite/18.1/nios2eds/bin/gnu/h-x86_64-mingw32/bin/../lib/gcc/nios2-elf/5.3.0/mhw-mulx\libgcc.a
                0x0000000000000000                __alt_mem_SDRAM = 0x0
                0x0000000009000000                __alt_mem_VGA_Subsystem_Char_Buf_Subsystem_Onchip_SRAM = 0x9000000

.entry          0x0000000000000000       0x20
 *(.entry)
 .entry         0x0000000000000000       0x20 ../cme332_ex5_ucosii_bsp//obj/HAL/src/crt0.o
                0x0000000000000000                __reset

.exceptions     0x0000000000000020      0x228
                0x0000000000000020                PROVIDE (__ram_exceptions_start, ABSOLUTE (.))
                0x0000000000000020                . = ALIGN (0x20)
 *(.irq)
 *(.exceptions.entry.label)
 .exceptions.entry.label
                0x0000000000000020        0x0 ../cme332_ex5_ucosii_bsp/\libucosii_bsp.a(alt_irq_entry.o)
                0x0000000000000020                alt_irq_entry
 .exceptions.entry.label
                0x0000000000000020        0x0 ../cme332_ex5_ucosii_bsp/\libucosii_bsp.a(alt_exception_entry.o)
                0x0000000000000020                alt_exception
 *(.exceptions.entry.user)
 *(.exceptions.entry.ecc_fatal)
 *(.exceptions.entry)
 .exceptions.entry
                0x0000000000000020       0x54 ../cme332_ex5_ucosii_bsp/\libucosii_bsp.a(alt_exception_entry.o)
 *(.exceptions.irqtest.user)
 *(.exceptions.irqtest)
 .exceptions.irqtest
                0x0000000000000074       0x10 ../cme332_ex5_ucosii_bsp/\libucosii_bsp.a(alt_irq_entry.o)
 *(.exceptions.irqhandler.user)
 *(.exceptions.irqhandler)
 .exceptions.irqhandler
                0x0000000000000084        0x4 ../cme332_ex5_ucosii_bsp/\libucosii_bsp.a(alt_irq_entry.o)
 *(.exceptions.irqreturn.user)
 *(.exceptions.irqreturn)
 .exceptions.irqreturn
                0x0000000000000088        0x4 ../cme332_ex5_ucosii_bsp/\libucosii_bsp.a(alt_irq_entry.o)
 *(.exceptions.notirq.label)
 .exceptions.notirq.label
                0x000000000000008c        0x0 ../cme332_ex5_ucosii_bsp/\libucosii_bsp.a(alt_irq_entry.o)
 *(.exceptions.notirq.user)
 *(.exceptions.notirq)
 .exceptions.notirq
                0x000000000000008c        0x8 ../cme332_ex5_ucosii_bsp/\libucosii_bsp.a(alt_exception_entry.o)
 *(.exceptions.soft.user)
 *(.exceptions.soft)
 *(.exceptions.unknown.user)
 *(.exceptions.unknown)
 .exceptions.unknown
                0x0000000000000094       0x14 ../cme332_ex5_ucosii_bsp/\libucosii_bsp.a(alt_exception_entry.o)
 *(.exceptions.exit.label)
 .exceptions.exit.label
                0x00000000000000a8        0x0 ../cme332_ex5_ucosii_bsp/\libucosii_bsp.a(alt_irq_entry.o)
 .exceptions.exit.label
                0x00000000000000a8        0x0 ../cme332_ex5_ucosii_bsp/\libucosii_bsp.a(alt_exception_entry.o)
 *(.exceptions.exit.user)
 *(.exceptions.exit)
 .exceptions.exit
                0x00000000000000a8       0x54 ../cme332_ex5_ucosii_bsp/\libucosii_bsp.a(alt_exception_entry.o)
 *(.exceptions)
 .exceptions    0x00000000000000fc       0xd8 ../cme332_ex5_ucosii_bsp/\libucosii_bsp.a(alt_irq_handler.o)
                0x00000000000000fc                alt_irq_handler
 .exceptions    0x00000000000001d4       0x74 ../cme332_ex5_ucosii_bsp/\libucosii_bsp.a(alt_instruction_exception_entry.o)
                0x00000000000001d4                alt_instruction_exception_entry
                0x0000000000000248                PROVIDE (__ram_exceptions_end, ABSOLUTE (.))
                0x0000000000000020                PROVIDE (__flash_exceptions_start, LOADADDR (.exceptions))

.text           0x0000000000000248    0x10de0
                [!provide]                        PROVIDE (stext, ABSOLUTE (.))
 *(.interp)
 *(.hash)
 *(.dynsym)
 *(.dynstr)
 *(.gnu.version)
 *(.gnu.version_d)
 *(.gnu.version_r)
 *(.rel.init)
 *(.rela.init)
 *(.rel.text .rel.text.* .rel.gnu.linkonce.t.*)
 *(.rela.text .rela.text.* .rela.gnu.linkonce.t.*)
 *(.rel.fini)
 *(.rela.fini)
 *(.rel.rodata .rel.rodata.* .rel.gnu.linkonce.r.*)
 *(.rela.rodata .rela.rodata.* .rela.gnu.linkonce.r.*)
 *(.rel.data .rel.data.* .rel.gnu.linkonce.d.*)
 *(.rela.data .rela.data.* .rela.gnu.linkonce.d.*)
 *(.rel.tdata .rel.tdata.* .rel.gnu.linkonce.td.*)
 *(.rela.tdata .rela.tdata.* .rela.gnu.linkonce.td.*)
 *(.rel.tbss .rel.tbss.* .rel.gnu.linkonce.tb.*)
 *(.rela.tbss .rela.tbss.* .rela.gnu.linkonce.tb.*)
 *(.rel.ctors)
 *(.rela.ctors)
 *(.rel.dtors)
 *(.rela.dtors)
 *(.rel.got)
 *(.rela.got)
 *(.rel.sdata .rel.sdata.* .rel.gnu.linkonce.s.*)
 *(.rela.sdata .rela.sdata.* .rela.gnu.linkonce.s.*)
 *(.rel.sbss .rel.sbss.* .rel.gnu.linkonce.sb.*)
 *(.rela.sbss .rela.sbss.* .rela.gnu.linkonce.sb.*)
 *(.rel.sdata2 .rel.sdata2.* .rel.gnu.linkonce.s2.*)
 *(.rela.sdata2 .rela.sdata2.* .rela.gnu.linkonce.s2.*)
 *(.rel.sbss2 .rel.sbss2.* .rel.gnu.linkonce.sb2.*)
 *(.rela.sbss2 .rela.sbss2.* .rela.gnu.linkonce.sb2.*)
 *(.rel.bss .rel.bss.* .rel.gnu.linkonce.b.*)
 *(.rela.bss .rela.bss.* .rela.gnu.linkonce.b.*)
 *(.rel.plt)
 *(.rela.plt)
 *(.rel.dyn)
 *(.init)
 *(.plt)
 *(.text .stub .text.* .gnu.linkonce.t.*)
 .text          0x0000000000000248       0x3c ../cme332_ex5_ucosii_bsp//obj/HAL/src/crt0.o
                0x0000000000000248                _start
 .text          0x0000000000000284     0x113c obj/default/binary_game.o
                0x0000000000000284                display_hex
                0x00000000000002c0                power_off
                0x00000000000002ec                check_power_flag
                0x0000000000000338                check_answer_resume_task1
                0x0000000000000390                reset
                0x00000000000003c8                check_answer_add_point
                0x0000000000000400                check_end_game
                0x0000000000000434                submit_answer
                0x0000000000000468                count_elapse
                0x00000000000004b0                main
                0x0000000000000510                mainTask
                0x00000000000005f4                countTask
                0x00000000000006f0                machine_state_task
                0x00000000000007d0                display_LEDR_task
                0x0000000000000abc                display_task_HEX_task
                0x00000000000011ec                button_press_task
 .text          0x00000000000013c0        0x0 c:/intelfpga_lite/18.1/nios2eds/bin/gnu/h-x86_64-mingw32/bin/../lib/gcc/nios2-elf/5.3.0/../../../../../H-x86_64-mingw32/nios2-elf/lib/mhw-mulx\libc.a(lib_a-puts.o)
 .text._puts_r  0x00000000000013c0       0xc0 c:/intelfpga_lite/18.1/nios2eds/bin/gnu/h-x86_64-mingw32/bin/../lib/gcc/nios2-elf/5.3.0/../../../../../H-x86_64-mingw32/nios2-elf/lib/mhw-mulx\libc.a(lib_a-puts.o)
                0x00000000000013c0                _puts_r
 .text.puts     0x0000000000001480       0x14 c:/intelfpga_lite/18.1/nios2eds/bin/gnu/h-x86_64-mingw32/bin/../lib/gcc/nios2-elf/5.3.0/../../../../../H-x86_64-mingw32/nios2-elf/lib/mhw-mulx\libc.a(lib_a-puts.o)
                0x0000000000001480                puts
 .text          0x0000000000001494        0x0 c:/intelfpga_lite/18.1/nios2eds/bin/gnu/h-x86_64-mingw32/bin/../lib/gcc/nios2-elf/5.3.0/../../../../../H-x86_64-mingw32/nios2-elf/lib/mhw-mulx\libc.a(lib_a-rand.o)
 .text.srand    0x0000000000001494       0x18 c:/intelfpga_lite/18.1/nios2eds/bin/gnu/h-x86_64-mingw32/bin/../lib/gcc/nios2-elf/5.3.0/../../../../../H-x86_64-mingw32/nios2-elf/lib/mhw-mulx\libc.a(lib_a-rand.o)
                0x0000000000001494                srand
 .text.rand     0x00000000000014ac       0x60 c:/intelfpga_lite/18.1/nios2eds/bin/gnu/h-x86_64-mingw32/bin/../lib/gcc/nios2-elf/5.3.0/../../../../../H-x86_64-mingw32/nios2-elf/lib/mhw-mulx\libc.a(lib_a-rand.o)
                0x00000000000014ac                rand
 .text          0x000000000000150c        0x0 c:/intelfpga_lite/18.1/nios2eds/bin/gnu/h-x86_64-mingw32/bin/../lib/gcc/nios2-elf/5.3.0/../../../../../H-x86_64-mingw32/nios2-elf/lib/mhw-mulx\libc.a(lib_a-strlen.o)
 .text.strlen   0x000000000000150c       0x98 c:/intelfpga_lite/18.1/nios2eds/bin/gnu/h-x86_64-mingw32/bin/../lib/gcc/nios2-elf/5.3.0/../../../../../H-x86_64-mingw32/nios2-elf/lib/mhw-mulx\libc.a(lib_a-strlen.o)
                0x000000000000150c                strlen
 .text          0x00000000000015a4        0x0 c:/intelfpga_lite/18.1/nios2eds/bin/gnu/h-x86_64-mingw32/bin/../lib/gcc/nios2-elf/5.3.0/../../../../../H-x86_64-mingw32/nios2-elf/lib/mhw-mulx\libc.a(lib_a-findfp.o)
 .text.__fp_unlock
                0x00000000000015a4        0x8 c:/intelfpga_lite/18.1/nios2eds/bin/gnu/h-x86_64-mingw32/bin/../lib/gcc/nios2-elf/5.3.0/../../../../../H-x86_64-mingw32/nios2-elf/lib/mhw-mulx\libc.a(lib_a-findfp.o)
 .text._cleanup_r
                0x00000000000015ac        0xc c:/intelfpga_lite/18.1/nios2eds/bin/gnu/h-x86_64-mingw32/bin/../lib/gcc/nios2-elf/5.3.0/../../../../../H-x86_64-mingw32/nios2-elf/lib/mhw-mulx\libc.a(lib_a-findfp.o)
                0x00000000000015ac                _cleanup_r
 .text.__sinit.part.1
                0x00000000000015b8      0x19c c:/intelfpga_lite/18.1/nios2eds/bin/gnu/h-x86_64-mingw32/bin/../lib/gcc/nios2-elf/5.3.0/../../../../../H-x86_64-mingw32/nios2-elf/lib/mhw-mulx\libc.a(lib_a-findfp.o)
 .text.__fp_lock
                0x0000000000001754        0x8 c:/intelfpga_lite/18.1/nios2eds/bin/gnu/h-x86_64-mingw32/bin/../lib/gcc/nios2-elf/5.3.0/../../../../../H-x86_64-mingw32/nios2-elf/lib/mhw-mulx\libc.a(lib_a-findfp.o)
 .text.__sfmoreglue
                0x000000000000175c       0x68 c:/intelfpga_lite/18.1/nios2eds/bin/gnu/h-x86_64-mingw32/bin/../lib/gcc/nios2-elf/5.3.0/../../../../../H-x86_64-mingw32/nios2-elf/lib/mhw-mulx\libc.a(lib_a-findfp.o)
                0x000000000000175c                __sfmoreglue
 .text.__sfp    0x00000000000017c4      0x118 c:/intelfpga_lite/18.1/nios2eds/bin/gnu/h-x86_64-mingw32/bin/../lib/gcc/nios2-elf/5.3.0/../../../../../H-x86_64-mingw32/nios2-elf/lib/mhw-mulx\libc.a(lib_a-findfp.o)
                0x00000000000017c4                __sfp
 .text._cleanup
                0x00000000000018dc       0x18 c:/intelfpga_lite/18.1/nios2eds/bin/gnu/h-x86_64-mingw32/bin/../lib/gcc/nios2-elf/5.3.0/../../../../../H-x86_64-mingw32/nios2-elf/lib/mhw-mulx\libc.a(lib_a-findfp.o)
                0x00000000000018dc                _cleanup
 .text.__sinit  0x00000000000018f4       0x10 c:/intelfpga_lite/18.1/nios2eds/bin/gnu/h-x86_64-mingw32/bin/../lib/gcc/nios2-elf/5.3.0/../../../../../H-x86_64-mingw32/nios2-elf/lib/mhw-mulx\libc.a(lib_a-findfp.o)
                0x00000000000018f4                __sinit
 .text.__sfp_lock_acquire
                0x0000000000001904        0x4 c:/intelfpga_lite/18.1/nios2eds/bin/gnu/h-x86_64-mingw32/bin/../lib/gcc/nios2-elf/5.3.0/../../../../../H-x86_64-mingw32/nios2-elf/lib/mhw-mulx\libc.a(lib_a-findfp.o)
                0x0000000000001904                __sfp_lock_acquire
 .text.__sfp_lock_release
                0x0000000000001908        0x4 c:/intelfpga_lite/18.1/nios2eds/bin/gnu/h-x86_64-mingw32/bin/../lib/gcc/nios2-elf/5.3.0/../../../../../H-x86_64-mingw32/nios2-elf/lib/mhw-mulx\libc.a(lib_a-findfp.o)
                0x0000000000001908                __sfp_lock_release
 .text.__sinit_lock_acquire
                0x000000000000190c        0x4 c:/intelfpga_lite/18.1/nios2eds/bin/gnu/h-x86_64-mingw32/bin/../lib/gcc/nios2-elf/5.3.0/../../../../../H-x86_64-mingw32/nios2-elf/lib/mhw-mulx\libc.a(lib_a-findfp.o)
                0x000000000000190c                __sinit_lock_acquire
 .text.__sinit_lock_release
                0x0000000000001910        0x4 c:/intelfpga_lite/18.1/nios2eds/bin/gnu/h-x86_64-mingw32/bin/../lib/gcc/nios2-elf/5.3.0/../../../../../H-x86_64-mingw32/nios2-elf/lib/mhw-mulx\libc.a(lib_a-findfp.o)
                0x0000000000001910                __sinit_lock_release
 .text.__fp_lock_all
                0x0000000000001914       0x18 c:/intelfpga_lite/18.1/nios2eds/bin/gnu/h-x86_64-mingw32/bin/../lib/gcc/nios2-elf/5.3.0/../../../../../H-x86_64-mingw32/nios2-elf/lib/mhw-mulx\libc.a(lib_a-findfp.o)
                0x0000000000001914                __fp_lock_all
 .text.__fp_unlock_all
                0x000000000000192c       0x18 c:/intelfpga_lite/18.1/nios2eds/bin/gnu/h-x86_64-mingw32/bin/../lib/gcc/nios2-elf/5.3.0/../../../../../H-x86_64-mingw32/nios2-elf/lib/mhw-mulx\libc.a(lib_a-findfp.o)
                0x000000000000192c                __fp_unlock_all
 .text          0x0000000000001944        0x0 c:/intelfpga_lite/18.1/nios2eds/bin/gnu/h-x86_64-mingw32/bin/../lib/gcc/nios2-elf/5.3.0/../../../../../H-x86_64-mingw32/nios2-elf/lib/mhw-mulx\libc.a(lib_a-fvwrite.o)
 .text.__sfvwrite_r
                0x0000000000001944      0x4bc c:/intelfpga_lite/18.1/nios2eds/bin/gnu/h-x86_64-mingw32/bin/../lib/gcc/nios2-elf/5.3.0/../../../../../H-x86_64-mingw32/nios2-elf/lib/mhw-mulx\libc.a(lib_a-fvwrite.o)
                0x0000000000001944                __sfvwrite_r
 .text          0x0000000000001e00        0x0 c:/intelfpga_lite/18.1/nios2eds/bin/gnu/h-x86_64-mingw32/bin/../lib/gcc/nios2-elf/5.3.0/../../../../../H-x86_64-mingw32/nios2-elf/lib/mhw-mulx\libc.a(lib_a-fwalk.o)
 .text._fwalk   0x0000000000001e00       0xc4 c:/intelfpga_lite/18.1/nios2eds/bin/gnu/h-x86_64-mingw32/bin/../lib/gcc/nios2-elf/5.3.0/../../../../../H-x86_64-mingw32/nios2-elf/lib/mhw-mulx\libc.a(lib_a-fwalk.o)
                0x0000000000001e00                _fwalk
 .text._fwalk_reent
                0x0000000000001ec4       0xc4 c:/intelfpga_lite/18.1/nios2eds/bin/gnu/h-x86_64-mingw32/bin/../lib/gcc/nios2-elf/5.3.0/../../../../../H-x86_64-mingw32/nios2-elf/lib/mhw-mulx\libc.a(lib_a-fwalk.o)
                0x0000000000001ec4                _fwalk_reent
 .text          0x0000000000001f88        0x0 c:/intelfpga_lite/18.1/nios2eds/bin/gnu/h-x86_64-mingw32/bin/../lib/gcc/nios2-elf/5.3.0/../../../../../H-x86_64-mingw32/nios2-elf/lib/mhw-mulx\libc.a(lib_a-impure.o)
 .text          0x0000000000001f88        0x0 c:/intelfpga_lite/18.1/nios2eds/bin/gnu/h-x86_64-mingw32/bin/../lib/gcc/nios2-elf/5.3.0/../../../../../H-x86_64-mingw32/nios2-elf/lib/mhw-mulx\libc.a(lib_a-mallocr.o)
 .text._malloc_r
                0x0000000000001f88      0x80c c:/intelfpga_lite/18.1/nios2eds/bin/gnu/h-x86_64-mingw32/bin/../lib/gcc/nios2-elf/5.3.0/../../../../../H-x86_64-mingw32/nios2-elf/lib/mhw-mulx\libc.a(lib_a-mallocr.o)
                0x0000000000001f88                _malloc_r
 .text          0x0000000000002794        0x0 c:/intelfpga_lite/18.1/nios2eds/bin/gnu/h-x86_64-mingw32/bin/../lib/gcc/nios2-elf/5.3.0/../../../../../H-x86_64-mingw32/nios2-elf/lib/mhw-mulx\libc.a(lib_a-memchr.o)
 .text.memchr   0x0000000000002794       0xe4 c:/intelfpga_lite/18.1/nios2eds/bin/gnu/h-x86_64-mingw32/bin/../lib/gcc/nios2-elf/5.3.0/../../../../../H-x86_64-mingw32/nios2-elf/lib/mhw-mulx\libc.a(lib_a-memchr.o)
                0x0000000000002794                memchr
 .text          0x0000000000002878        0x0 c:/intelfpga_lite/18.1/nios2eds/bin/gnu/h-x86_64-mingw32/bin/../lib/gcc/nios2-elf/5.3.0/../../../../../H-x86_64-mingw32/nios2-elf/lib/mhw-mulx\libc.a(lib_a-memcpy.o)
 .text.memcpy   0x0000000000002878      0x148 c:/intelfpga_lite/18.1/nios2eds/bin/gnu/h-x86_64-mingw32/bin/../lib/gcc/nios2-elf/5.3.0/../../../../../H-x86_64-mingw32/nios2-elf/lib/mhw-mulx\libc.a(lib_a-memcpy.o)
                0x0000000000002878                memcpy
 .text          0x00000000000029c0        0x0 c:/intelfpga_lite/18.1/nios2eds/bin/gnu/h-x86_64-mingw32/bin/../lib/gcc/nios2-elf/5.3.0/../../../../../H-x86_64-mingw32/nios2-elf/lib/mhw-mulx\libc.a(lib_a-memmove.o)
 .text.memmove  0x00000000000029c0      0x15c c:/intelfpga_lite/18.1/nios2eds/bin/gnu/h-x86_64-mingw32/bin/../lib/gcc/nios2-elf/5.3.0/../../../../../H-x86_64-mingw32/nios2-elf/lib/mhw-mulx\libc.a(lib_a-memmove.o)
                0x00000000000029c0                memmove
 .text          0x0000000000002b1c        0x0 c:/intelfpga_lite/18.1/nios2eds/bin/gnu/h-x86_64-mingw32/bin/../lib/gcc/nios2-elf/5.3.0/../../../../../H-x86_64-mingw32/nios2-elf/lib/mhw-mulx\libc.a(lib_a-memset.o)
 .text.memset   0x0000000000002b1c      0x128 c:/intelfpga_lite/18.1/nios2eds/bin/gnu/h-x86_64-mingw32/bin/../lib/gcc/nios2-elf/5.3.0/../../../../../H-x86_64-mingw32/nios2-elf/lib/mhw-mulx\libc.a(lib_a-memset.o)
                0x0000000000002b1c                memset
 .text          0x0000000000002c44        0x0 c:/intelfpga_lite/18.1/nios2eds/bin/gnu/h-x86_64-mingw32/bin/../lib/gcc/nios2-elf/5.3.0/../../../../../H-x86_64-mingw32/nios2-elf/lib/mhw-mulx\libc.a(lib_a-reallocr.o)
 .text._realloc_r
                0x0000000000002c44      0x564 c:/intelfpga_lite/18.1/nios2eds/bin/gnu/h-x86_64-mingw32/bin/../lib/gcc/nios2-elf/5.3.0/../../../../../H-x86_64-mingw32/nios2-elf/lib/mhw-mulx\libc.a(lib_a-reallocr.o)
                0x0000000000002c44                _realloc_r
 .text          0x00000000000031a8        0x0 c:/intelfpga_lite/18.1/nios2eds/bin/gnu/h-x86_64-mingw32/bin/../lib/gcc/nios2-elf/5.3.0/../../../../../H-x86_64-mingw32/nios2-elf/lib/mhw-mulx\libc.a(lib_a-sbrkr.o)
 .text._sbrk_r  0x00000000000031a8       0x54 c:/intelfpga_lite/18.1/nios2eds/bin/gnu/h-x86_64-mingw32/bin/../lib/gcc/nios2-elf/5.3.0/../../../../../H-x86_64-mingw32/nios2-elf/lib/mhw-mulx\libc.a(lib_a-sbrkr.o)
                0x00000000000031a8                _sbrk_r
 .text          0x00000000000031fc        0x0 c:/intelfpga_lite/18.1/nios2eds/bin/gnu/h-x86_64-mingw32/bin/../lib/gcc/nios2-elf/5.3.0/../../../../../H-x86_64-mingw32/nios2-elf/lib/mhw-mulx\libc.a(lib_a-stdio.o)
 .text.__sread  0x00000000000031fc       0x54 c:/intelfpga_lite/18.1/nios2eds/bin/gnu/h-x86_64-mingw32/bin/../lib/gcc/nios2-elf/5.3.0/../../../../../H-x86_64-mingw32/nios2-elf/lib/mhw-mulx\libc.a(lib_a-stdio.o)
                0x00000000000031fc                __sread
 .text.__seofread
                0x0000000000003250        0x8 c:/intelfpga_lite/18.1/nios2eds/bin/gnu/h-x86_64-mingw32/bin/../lib/gcc/nios2-elf/5.3.0/../../../../../H-x86_64-mingw32/nios2-elf/lib/mhw-mulx\libc.a(lib_a-stdio.o)
                0x0000000000003250                __seofread
 .text.__swrite
                0x0000000000003258       0x7c c:/intelfpga_lite/18.1/nios2eds/bin/gnu/h-x86_64-mingw32/bin/../lib/gcc/nios2-elf/5.3.0/../../../../../H-x86_64-mingw32/nios2-elf/lib/mhw-mulx\libc.a(lib_a-stdio.o)
                0x0000000000003258                __swrite
 .text.__sseek  0x00000000000032d4       0x5c c:/intelfpga_lite/18.1/nios2eds/bin/gnu/h-x86_64-mingw32/bin/../lib/gcc/nios2-elf/5.3.0/../../../../../H-x86_64-mingw32/nios2-elf/lib/mhw-mulx\libc.a(lib_a-stdio.o)
                0x00000000000032d4                __sseek
 .text.__sclose
                0x0000000000003330        0x8 c:/intelfpga_lite/18.1/nios2eds/bin/gnu/h-x86_64-mingw32/bin/../lib/gcc/nios2-elf/5.3.0/../../../../../H-x86_64-mingw32/nios2-elf/lib/mhw-mulx\libc.a(lib_a-stdio.o)
                0x0000000000003330                __sclose
 .text          0x0000000000003338        0x0 c:/intelfpga_lite/18.1/nios2eds/bin/gnu/h-x86_64-mingw32/bin/../lib/gcc/nios2-elf/5.3.0/../../../../../H-x86_64-mingw32/nios2-elf/lib/mhw-mulx\libc.a(lib_a-writer.o)
 .text._write_r
                0x0000000000003338       0x60 c:/intelfpga_lite/18.1/nios2eds/bin/gnu/h-x86_64-mingw32/bin/../lib/gcc/nios2-elf/5.3.0/../../../../../H-x86_64-mingw32/nios2-elf/lib/mhw-mulx\libc.a(lib_a-writer.o)
                0x0000000000003338                _write_r
 .text          0x0000000000003398        0x0 c:/intelfpga_lite/18.1/nios2eds/bin/gnu/h-x86_64-mingw32/bin/../lib/gcc/nios2-elf/5.3.0/../../../../../H-x86_64-mingw32/nios2-elf/lib/mhw-mulx\libc.a(lib_a-wsetup.o)
 .text.__swsetup_r
                0x0000000000003398      0x154 c:/intelfpga_lite/18.1/nios2eds/bin/gnu/h-x86_64-mingw32/bin/../lib/gcc/nios2-elf/5.3.0/../../../../../H-x86_64-mingw32/nios2-elf/lib/mhw-mulx\libc.a(lib_a-wsetup.o)
                0x0000000000003398                __swsetup_r
 .text          0x00000000000034ec        0x0 c:/intelfpga_lite/18.1/nios2eds/bin/gnu/h-x86_64-mingw32/bin/../lib/gcc/nios2-elf/5.3.0/../../../../../H-x86_64-mingw32/nios2-elf/lib/mhw-mulx\libc.a(closer.o)
 .text._close_r
                0x00000000000034ec       0x54 c:/intelfpga_lite/18.1/nios2eds/bin/gnu/h-x86_64-mingw32/bin/../lib/gcc/nios2-elf/5.3.0/../../../../../H-x86_64-mingw32/nios2-elf/lib/mhw-mulx\libc.a(closer.o)
                0x00000000000034ec                _close_r
 .text          0x0000000000003540        0x0 c:/intelfpga_lite/18.1/nios2eds/bin/gnu/h-x86_64-mingw32/bin/../lib/gcc/nios2-elf/5.3.0/../../../../../H-x86_64-mingw32/nios2-elf/lib/mhw-mulx\libc.a(lib_a-fclose.o)
 .text._fclose_r
                0x0000000000003540       0xf0 c:/intelfpga_lite/18.1/nios2eds/bin/gnu/h-x86_64-mingw32/bin/../lib/gcc/nios2-elf/5.3.0/../../../../../H-x86_64-mingw32/nios2-elf/lib/mhw-mulx\libc.a(lib_a-fclose.o)
                0x0000000000003540                _fclose_r
 .text.fclose   0x0000000000003630       0x14 c:/intelfpga_lite/18.1/nios2eds/bin/gnu/h-x86_64-mingw32/bin/../lib/gcc/nios2-elf/5.3.0/../../../../../H-x86_64-mingw32/nios2-elf/lib/mhw-mulx\libc.a(lib_a-fclose.o)
                0x0000000000003630                fclose
 .text          0x0000000000003644        0x0 c:/intelfpga_lite/18.1/nios2eds/bin/gnu/h-x86_64-mingw32/bin/../lib/gcc/nios2-elf/5.3.0/../../../../../H-x86_64-mingw32/nios2-elf/lib/mhw-mulx\libc.a(lib_a-fflush.o)
 .text.__sflush_r
                0x0000000000003644      0x21c c:/intelfpga_lite/18.1/nios2eds/bin/gnu/h-x86_64-mingw32/bin/../lib/gcc/nios2-elf/5.3.0/../../../../../H-x86_64-mingw32/nios2-elf/lib/mhw-mulx\libc.a(lib_a-fflush.o)
                0x0000000000003644                __sflush_r
 .text._fflush_r
                0x0000000000003860       0x5c c:/intelfpga_lite/18.1/nios2eds/bin/gnu/h-x86_64-mingw32/bin/../lib/gcc/nios2-elf/5.3.0/../../../../../H-x86_64-mingw32/nios2-elf/lib/mhw-mulx\libc.a(lib_a-fflush.o)
                0x0000000000003860                _fflush_r
 .text.fflush   0x00000000000038bc       0x30 c:/intelfpga_lite/18.1/nios2eds/bin/gnu/h-x86_64-mingw32/bin/../lib/gcc/nios2-elf/5.3.0/../../../../../H-x86_64-mingw32/nios2-elf/lib/mhw-mulx\libc.a(lib_a-fflush.o)
                0x00000000000038bc                fflush
 .text          0x00000000000038ec        0x0 c:/intelfpga_lite/18.1/nios2eds/bin/gnu/h-x86_64-mingw32/bin/../lib/gcc/nios2-elf/5.3.0/../../../../../H-x86_64-mingw32/nios2-elf/lib/mhw-mulx\libc.a(lib_a-freer.o)
 .text._malloc_trim_r
                0x00000000000038ec      0x124 c:/intelfpga_lite/18.1/nios2eds/bin/gnu/h-x86_64-mingw32/bin/../lib/gcc/nios2-elf/5.3.0/../../../../../H-x86_64-mingw32/nios2-elf/lib/mhw-mulx\libc.a(lib_a-freer.o)
                0x00000000000038ec                _malloc_trim_r
 .text._free_r  0x0000000000003a10      0x310 c:/intelfpga_lite/18.1/nios2eds/bin/gnu/h-x86_64-mingw32/bin/../lib/gcc/nios2-elf/5.3.0/../../../../../H-x86_64-mingw32/nios2-elf/lib/mhw-mulx\libc.a(lib_a-freer.o)
                0x0000000000003a10                _free_r
 .text          0x0000000000003d20        0x0 c:/intelfpga_lite/18.1/nios2eds/bin/gnu/h-x86_64-mingw32/bin/../lib/gcc/nios2-elf/5.3.0/../../../../../H-x86_64-mingw32/nios2-elf/lib/mhw-mulx\libc.a(lib_a-int_errno.o)
 .text          0x0000000000003d20        0x0 c:/intelfpga_lite/18.1/nios2eds/bin/gnu/h-x86_64-mingw32/bin/../lib/gcc/nios2-elf/5.3.0/../../../../../H-x86_64-mingw32/nios2-elf/lib/mhw-mulx\libc.a(lib_a-lseekr.o)
 .text._lseek_r
                0x0000000000003d20       0x60 c:/intelfpga_lite/18.1/nios2eds/bin/gnu/h-x86_64-mingw32/bin/../lib/gcc/nios2-elf/5.3.0/../../../../../H-x86_64-mingw32/nios2-elf/lib/mhw-mulx\libc.a(lib_a-lseekr.o)
                0x0000000000003d20                _lseek_r
 .text          0x0000000000003d80        0x0 c:/intelfpga_lite/18.1/nios2eds/bin/gnu/h-x86_64-mingw32/bin/../lib/gcc/nios2-elf/5.3.0/../../../../../H-x86_64-mingw32/nios2-elf/lib/mhw-mulx\libc.a(lib_a-makebuf.o)
 .text.__smakebuf_r
                0x0000000000003d80      0x1bc c:/intelfpga_lite/18.1/nios2eds/bin/gnu/h-x86_64-mingw32/bin/../lib/gcc/nios2-elf/5.3.0/../../../../../H-x86_64-mingw32/nios2-elf/lib/mhw-mulx\libc.a(lib_a-makebuf.o)
                0x0000000000003d80                __smakebuf_r
 .text          0x0000000000003f3c        0x0 c:/intelfpga_lite/18.1/nios2eds/bin/gnu/h-x86_64-mingw32/bin/../lib/gcc/nios2-elf/5.3.0/../../../../../H-x86_64-mingw32/nios2-elf/lib/mhw-mulx\libc.a(lib_a-readr.o)
 .text._read_r  0x0000000000003f3c       0x60 c:/intelfpga_lite/18.1/nios2eds/bin/gnu/h-x86_64-mingw32/bin/../lib/gcc/nios2-elf/5.3.0/../../../../../H-x86_64-mingw32/nios2-elf/lib/mhw-mulx\libc.a(lib_a-readr.o)
                0x0000000000003f3c                _read_r
 .text          0x0000000000003f9c        0x0 c:/intelfpga_lite/18.1/nios2eds/bin/gnu/h-x86_64-mingw32/bin/../lib/gcc/nios2-elf/5.3.0/../../../../../H-x86_64-mingw32/nios2-elf/lib/mhw-mulx\libc.a(lib_a-fstatr.o)
 .text._fstat_r
                0x0000000000003f9c       0x5c c:/intelfpga_lite/18.1/nios2eds/bin/gnu/h-x86_64-mingw32/bin/../lib/gcc/nios2-elf/5.3.0/../../../../../H-x86_64-mingw32/nios2-elf/lib/mhw-mulx\libc.a(lib_a-fstatr.o)
                0x0000000000003f9c                _fstat_r
 .text          0x0000000000003ff8        0x0 c:/intelfpga_lite/18.1/nios2eds/bin/gnu/h-x86_64-mingw32/bin/../lib/gcc/nios2-elf/5.3.0/../../../../../H-x86_64-mingw32/nios2-elf/lib/mhw-mulx\libc.a(lib_a-isattyr.o)
 .text._isatty_r
                0x0000000000003ff8       0x54 c:/intelfpga_lite/18.1/nios2eds/bin/gnu/h-x86_64-mingw32/bin/../lib/gcc/nios2-elf/5.3.0/../../../../../H-x86_64-mingw32/nios2-elf/lib/mhw-mulx\libc.a(lib_a-isattyr.o)
                0x0000000000003ff8                _isatty_r
 .text          0x000000000000404c      0x1b4 c:/intelfpga_lite/18.1/nios2eds/bin/gnu/h-x86_64-mingw32/bin/../lib/gcc/nios2-elf/5.3.0/mhw-mulx\libgcc.a(lib2-divmod.o)
                0x000000000000404c                __divsi3
                0x00000000000040d0                __modsi3
                0x0000000000004144                __udivsi3
                0x00000000000041a8                __umodsi3
 .text          0x0000000000004200      0x10c ../cme332_ex5_ucosii_bsp/\libucosii_bsp.a(alt_close.o)
                0x000000000000423c                close
 .text          0x000000000000430c       0x2c ../cme332_ex5_ucosii_bsp/\libucosii_bsp.a(alt_dev.o)
 .text          0x0000000000004338        0x0 ../cme332_ex5_ucosii_bsp/\libucosii_bsp.a(alt_errno.o)
 .text          0x0000000000004338       0xec ../cme332_ex5_ucosii_bsp/\libucosii_bsp.a(alt_fstat.o)
                0x0000000000004374                fstat
 .text          0x0000000000004424       0xe0 ../cme332_ex5_ucosii_bsp/\libucosii_bsp.a(alt_isatty.o)
                0x0000000000004460                isatty
 .text          0x0000000000004504       0xec ../cme332_ex5_ucosii_bsp/\libucosii_bsp.a(alt_load.o)
                0x000000000000456c                alt_load
 .text          0x00000000000045f0      0x110 ../cme332_ex5_ucosii_bsp/\libucosii_bsp.a(alt_lseek.o)
                0x000000000000462c                lseek
 .text          0x0000000000004700       0xbc ../cme332_ex5_ucosii_bsp/\libucosii_bsp.a(alt_main.o)
                0x0000000000004700                alt_main
 .text          0x00000000000047bc      0x138 ../cme332_ex5_ucosii_bsp/\libucosii_bsp.a(alt_read.o)
                0x00000000000047f8                read
 .text          0x00000000000048f4       0x64 ../cme332_ex5_ucosii_bsp/\libucosii_bsp.a(alt_release_fd.o)
                0x00000000000048f4                alt_release_fd
 .text          0x0000000000004958       0xb0 ../cme332_ex5_ucosii_bsp/\libucosii_bsp.a(alt_sbrk.o)
                0x0000000000004958                sbrk
 .text          0x0000000000004a08      0x134 ../cme332_ex5_ucosii_bsp/\libucosii_bsp.a(alt_write.o)
                0x0000000000004a44                write
 .text          0x0000000000004b3c      0x124 ../cme332_ex5_ucosii_bsp/\libucosii_bsp.a(alt_env_lock.o)
                0x0000000000004b3c                __env_lock
                0x0000000000004c00                __env_unlock
 .text          0x0000000000004c60      0x1ec ../cme332_ex5_ucosii_bsp/\libucosii_bsp.a(alt_malloc_lock.o)
                0x0000000000004c60                __malloc_lock
                0x0000000000004d80                __malloc_unlock
 .text          0x0000000000004e4c     0x2024 ../cme332_ex5_ucosii_bsp/\libucosii_bsp.a(os_core.o)
                0x0000000000004e4c                OSEventNameGet
                0x0000000000004f6c                OSEventNameSet
                0x00000000000050ac                OSEventPendMulti
                0x00000000000056bc                OSInit
                0x0000000000005714                OSIntEnter
                0x0000000000005760                OSIntExit
                0x0000000000005858                OSSchedLock
                0x00000000000058e4                OSSchedUnlock
                0x00000000000059c0                OSStart
                0x0000000000005a30                OSStatInit
                0x0000000000005ae0                OSTimeTick
                0x0000000000005d00                OSVersion
                0x0000000000005d20                OS_Dummy
                0x0000000000005d40                OS_EventTaskRdy
                0x0000000000005ed8                OS_EventTaskWait
                0x0000000000005fe8                OS_EventTaskWaitMulti
                0x0000000000006138                OS_EventTaskRemove
                0x00000000000061f0                OS_EventTaskRemoveMulti
                0x00000000000062f0                OS_EventWaitListInit
                0x00000000000066d0                OS_MemClr
                0x0000000000006724                OS_MemCopy
                0x000000000000678c                OS_Sched
                0x00000000000068d0                OS_StrCopy
                0x0000000000006944                OS_StrLen
                0x0000000000006998                OS_TaskIdle
                0x00000000000069f4                OS_TaskStat
                0x0000000000006ad0                OS_TaskStatStkChk
                0x0000000000006b9c                OS_TCBInit
 .text          0x0000000000006e70      0x190 ../cme332_ex5_ucosii_bsp/\libucosii_bsp.a(os_dbg.o)
                0x0000000000006e70                OSDebugInit
 .text          0x0000000000007000     0x1714 ../cme332_ex5_ucosii_bsp/\libucosii_bsp.a(os_flag.o)
                0x0000000000007000                OSFlagAccept
                0x0000000000007308                OSFlagCreate
                0x0000000000007410                OSFlagDel
                0x0000000000007658                OSFlagNameGet
                0x0000000000007780                OSFlagNameSet
                0x00000000000078cc                OSFlagPend
                0x0000000000007e84                OSFlagPendGetFlagsRdy
                0x0000000000007ee4                OSFlagPost
                0x0000000000008278                OSFlagQuery
                0x000000000000849c                OS_FlagInit
                0x0000000000008670                OS_FlagUnlink
 .text          0x0000000000008714      0xac8 ../cme332_ex5_ucosii_bsp/\libucosii_bsp.a(os_mbox.o)
                0x0000000000008714                OSMboxAccept
                0x00000000000087ac                OSMboxCreate
                0x0000000000008880                OSMboxDel
                0x0000000000008ac0                OSMboxPend
                0x0000000000008cf4                OSMboxPendAbort
                0x0000000000008e60                OSMboxPost
                0x0000000000008f70                OSMboxPostOpt
                0x00000000000090cc                OSMboxQuery
 .text          0x00000000000091dc      0x754 ../cme332_ex5_ucosii_bsp/\libucosii_bsp.a(os_mem.o)
                0x00000000000091dc                OSMemCreate
                0x00000000000093b0                OSMemGet
                0x00000000000094a0                OSMemNameGet
                0x0000000000009590                OSMemNameSet
                0x00000000000096a4                OSMemPut
                0x000000000000977c                OSMemQuery
                0x0000000000009864                OS_MemInit
 .text          0x0000000000009930     0x1104 ../cme332_ex5_ucosii_bsp/\libucosii_bsp.a(os_q.o)
                0x0000000000009930                OSQAccept
                0x0000000000009a70                OSQCreate
                0x0000000000009c1c                OSQDel
                0x0000000000009e9c                OSQFlush
                0x0000000000009f54                OSQPend
                0x000000000000a1e0                OSQPendAbort
                0x000000000000a34c                OSQPost
                0x000000000000a4b4                OSQPostFront
                0x000000000000a624                OSQPostOpt
                0x000000000000a830                OSQQuery
                0x000000000000a98c                OS_QInit
 .text          0x000000000000aa34      0xa60 ../cme332_ex5_ucosii_bsp/\libucosii_bsp.a(os_sem.o)
                0x000000000000aa34                OSSemAccept
                0x000000000000aae4                OSSemCreate
                0x000000000000abbc                OSSemDel
                0x000000000000adfc                OSSemPend
                0x000000000000b008                OSSemPendAbort
                0x000000000000b174                OSSemPost
                0x000000000000b284                OSSemQuery
                0x000000000000b394                OSSemSet
 .text          0x000000000000b494     0x176c ../cme332_ex5_ucosii_bsp/\libucosii_bsp.a(os_task.o)
                0x000000000000b494                OSTaskChangePrio
                0x000000000000b984                OSTaskCreate
                0x000000000000bb30                OSTaskCreateExt
                0x000000000000bd14                OSTaskDel
                0x000000000000c058                OSTaskDelReq
                0x000000000000c1a8                OSTaskNameGet
                0x000000000000c340                OSTaskNameSet
                0x000000000000c4f4                OSTaskResume
                0x000000000000c6c8                OSTaskStkChk
                0x000000000000c888                OSTaskSuspend
                0x000000000000ca6c                OSTaskQuery
                0x000000000000cb90                OS_TaskStkClr
 .text          0x000000000000cc00      0x4f4 ../cme332_ex5_ucosii_bsp/\libucosii_bsp.a(os_time.o)
                0x000000000000cc00                OSTimeDly
                0x000000000000cd04                OSTimeDlyHMSM
                0x000000000000ce64                OSTimeDlyResume
                0x000000000000d038                OSTimeGet
                0x000000000000d094                OSTimeSet
 .text          0x000000000000d0f4      0x9d8 ../cme332_ex5_ucosii_bsp/\libucosii_bsp.a(alt_sys_init.o)
                0x000000000000d128                alt_irq_init
                0x000000000000d160                alt_sys_init
 .text          0x000000000000dacc      0x164 ../cme332_ex5_ucosii_bsp/\libucosii_bsp.a(altera_avalon_jtag_uart_fd.o)
                0x000000000000dacc                altera_avalon_jtag_uart_read_fd
                0x000000000000db2c                altera_avalon_jtag_uart_write_fd
                0x000000000000db8c                altera_avalon_jtag_uart_close_fd
                0x000000000000dbdc                altera_avalon_jtag_uart_ioctl_fd
 .text          0x000000000000dc30      0x550 ../cme332_ex5_ucosii_bsp/\libucosii_bsp.a(altera_avalon_jtag_uart_init.o)
                0x000000000000dc30                altera_avalon_jtag_uart_init
                0x000000000000e118                altera_avalon_jtag_uart_close
 .text          0x000000000000e180       0xf0 ../cme332_ex5_ucosii_bsp/\libucosii_bsp.a(altera_avalon_jtag_uart_ioctl.o)
                0x000000000000e180                altera_avalon_jtag_uart_ioctl
 .text          0x000000000000e270      0x2bc ../cme332_ex5_ucosii_bsp/\libucosii_bsp.a(altera_avalon_jtag_uart_read.o)
                0x000000000000e270                altera_avalon_jtag_uart_read
 .text          0x000000000000e52c      0x2c4 ../cme332_ex5_ucosii_bsp/\libucosii_bsp.a(altera_avalon_jtag_uart_write.o)
                0x000000000000e52c                altera_avalon_jtag_uart_write
 .text          0x000000000000e7f0       0xf0 ../cme332_ex5_ucosii_bsp/\libucosii_bsp.a(altera_avalon_timer_sc.o)
                0x000000000000e86c                alt_avalon_timer_sc_init
 .text          0x000000000000e8e0      0x4f4 ../cme332_ex5_ucosii_bsp/\libucosii_bsp.a(altera_up_avalon_character_lcd.o)
                0x000000000000e8e0                get_DDRAM_addr
                0x000000000000e954                alt_up_character_lcd_send_cmd
                0x000000000000e994                alt_up_character_lcd_init
                0x000000000000e9cc                alt_up_character_lcd_open_dev
                0x000000000000ea08                alt_up_character_lcd_write
                0x000000000000ea84                alt_up_character_lcd_string
                0x000000000000eafc                alt_up_character_lcd_write_fd
                0x000000000000eb4c                alt_up_character_lcd_set_cursor_pos
                0x000000000000ebc0                alt_up_character_lcd_shift_cursor
                0x000000000000ec4c                alt_up_character_lcd_shift_display
                0x000000000000ecd8                alt_up_character_lcd_erase_pos
                0x000000000000ed64                alt_up_character_lcd_cursor_off
                0x000000000000ed9c                alt_up_character_lcd_cursor_blink_on
 .text          0x000000000000edd4      0x38c ../cme332_ex5_ucosii_bsp/\libucosii_bsp.a(altera_up_avalon_irda.o)
                0x000000000000edd4                alt_up_irda_enable_read_interrupt
                0x000000000000ee30                alt_up_irda_disable_read_interrupt
                0x000000000000ee90                alt_up_irda_get_used_space_in_read_FIFO
                0x000000000000eed0                alt_up_irda_get_available_space_in_write_FIFO
                0x000000000000ef0c                alt_up_irda_check_parity
                0x000000000000ef50                alt_up_irda_write_data
                0x000000000000ef90                alt_up_irda_read_data
                0x000000000000f004                alt_up_irda_read_fd
                0x000000000000f094                alt_up_irda_write_fd
                0x000000000000f124                alt_up_irda_open_dev
 .text          0x000000000000f160      0x6b0 ../cme332_ex5_ucosii_bsp/\libucosii_bsp.a(altera_up_avalon_ps2.o)
                0x000000000000f160                read_RI_bit
                0x000000000000f194                read_RE_bit
                0x000000000000f1c4                read_CE_bit
                0x000000000000f1f8                read_num_bytes_available
                0x000000000000f228                read_data_valid
                0x000000000000f25c                read_data_byte
                0x000000000000f288                alt_up_ps2_init
                0x000000000000f350                alt_up_ps2_enable_read_interrupt
                0x000000000000f3ac                alt_up_ps2_disable_read_interrupt
                0x000000000000f40c                alt_up_ps2_write_data_byte
                0x000000000000f480                alt_up_ps2_wait_for_ack
                0x000000000000f4e8                alt_up_ps2_write_data_byte_with_ack
                0x000000000000f54c                alt_up_ps2_read_data_byte_timeout
                0x000000000000f5e8                alt_up_ps2_read_data_byte
                0x000000000000f658                alt_up_ps2_clear_fifo
                0x000000000000f6b0                alt_up_ps2_read_fd
                0x000000000000f73c                alt_up_ps2_write_fd
                0x000000000000f7d4                alt_up_ps2_open_dev
 .text          0x000000000000f810      0x390 ../cme332_ex5_ucosii_bsp/\libucosii_bsp.a(altera_up_avalon_rs232.o)
                0x000000000000f810                alt_up_rs232_enable_read_interrupt
                0x000000000000f86c                alt_up_rs232_disable_read_interrupt
                0x000000000000f8cc                alt_up_rs232_get_used_space_in_read_FIFO
                0x000000000000f90c                alt_up_rs232_get_available_space_in_write_FIFO
                0x000000000000f948                alt_up_rs232_check_parity
                0x000000000000f98c                alt_up_rs232_write_data
                0x000000000000f9cc                alt_up_rs232_read_data
                0x000000000000fa40                alt_up_rs232_read_fd
                0x000000000000fad0                alt_up_rs232_write_fd
                0x000000000000fb64                alt_up_rs232_open_dev
 .text          0x000000000000fba0      0x12c ../cme332_ex5_ucosii_bsp/\libucosii_bsp.a(alt_alarm_start.o)
                0x000000000000fba0                alt_alarm_start
 .text          0x000000000000fccc       0x20 ../cme332_ex5_ucosii_bsp/\libucosii_bsp.a(alt_dcache_flush_all.o)
                0x000000000000fccc                alt_dcache_flush_all
 .text          0x000000000000fcec       0xe0 ../cme332_ex5_ucosii_bsp/\libucosii_bsp.a(alt_dev_llist_insert.o)
                0x000000000000fd28                alt_dev_llist_insert
 .text          0x000000000000fdcc       0x60 ../cme332_ex5_ucosii_bsp/\libucosii_bsp.a(alt_do_ctors.o)
                0x000000000000fdcc                _do_ctors
 .text          0x000000000000fe2c       0x60 ../cme332_ex5_ucosii_bsp/\libucosii_bsp.a(alt_do_dtors.o)
                0x000000000000fe2c                _do_dtors
 .text          0x000000000000fe8c       0x90 ../cme332_ex5_ucosii_bsp/\libucosii_bsp.a(alt_find_dev.o)
                0x000000000000fe8c                alt_find_dev
 .text          0x000000000000ff1c       0x34 ../cme332_ex5_ucosii_bsp/\libucosii_bsp.a(alt_icache_flush_all.o)
                0x000000000000ff1c                alt_icache_flush_all
 .text          0x000000000000ff50      0x140 ../cme332_ex5_ucosii_bsp/\libucosii_bsp.a(alt_io_redirect.o)
                0x0000000000010014                alt_io_redirect
 .text          0x0000000000010090      0x180 ../cme332_ex5_ucosii_bsp/\libucosii_bsp.a(alt_irq_register.o)
                0x0000000000010090                alt_irq_register
 .text          0x0000000000010210        0x0 ../cme332_ex5_ucosii_bsp/\libucosii_bsp.a(alt_irq_vars.o)
 .text          0x0000000000010210      0x254 ../cme332_ex5_ucosii_bsp/\libucosii_bsp.a(alt_open.o)
                0x0000000000010310                open
 .text          0x0000000000010464      0x1a4 ../cme332_ex5_ucosii_bsp/\libucosii_bsp.a(alt_tick.o)
                0x0000000000010464                alt_alarm_stop
                0x0000000000010500                alt_tick
 .text          0x0000000000010608       0x24 ../cme332_ex5_ucosii_bsp/\libucosii_bsp.a(altera_nios2_gen2_irq.o)
                0x0000000000010608                altera_nios2_gen2_irq_init
 .text          0x000000000001062c       0xd0 ../cme332_ex5_ucosii_bsp/\libucosii_bsp.a(os_cpu_a.o)
                0x000000000001062c                OSCtxSw
                0x000000000001062c                OSIntCtxSw
                0x00000000000106b8                OSStartHighRdy
                0x00000000000106d8                OSStartTsk
 .text          0x00000000000106fc      0x288 ../cme332_ex5_ucosii_bsp/\libucosii_bsp.a(os_cpu_c.o)
                0x00000000000106fc                OSTaskStkInit
                0x0000000000010858                OSTaskCreateHook
                0x000000000001087c                OSTaskDelHook
                0x00000000000108a0                OSTaskSwHook
                0x00000000000108c0                OSTaskStatHook
                0x00000000000108e0                OSTimeTickHook
                0x0000000000010900                OSInitHookBegin
                0x0000000000010920                OSInitHookEnd
                0x0000000000010940                OSTaskIdleHook
                0x0000000000010960                OSTCBInitHook
 .text          0x0000000000010984      0x108 ../cme332_ex5_ucosii_bsp/\libucosii_bsp.a(alt_find_file.o)
                0x0000000000010984                alt_find_file
 .text          0x0000000000010a8c       0xdc ../cme332_ex5_ucosii_bsp/\libucosii_bsp.a(alt_get_fd.o)
                0x0000000000010a8c                alt_get_fd
 .text          0x0000000000010b68       0x90 ../cme332_ex5_ucosii_bsp/\libucosii_bsp.a(alt_icache_flush.o)
                0x0000000000010b68                alt_icache_flush
 .text          0x0000000000010bf8        0x0 ../cme332_ex5_ucosii_bsp/\libucosii_bsp.a(alt_irq_entry.o)
 .text          0x0000000000010bf8        0x0 ../cme332_ex5_ucosii_bsp/\libucosii_bsp.a(alt_irq_handler.o)
 .text          0x0000000000010bf8        0x0 ../cme332_ex5_ucosii_bsp/\libucosii_bsp.a(alt_exception_entry.o)
 .text          0x0000000000010bf8       0x9c ../cme332_ex5_ucosii_bsp/\libucosii_bsp.a(alt_instruction_exception_entry.o)
                0x0000000000010bf8                alt_exception_cause_generated_bad_addr
 .text          0x0000000000010c94        0x0 c:/intelfpga_lite/18.1/nios2eds/bin/gnu/h-x86_64-mingw32/bin/../lib/gcc/nios2-elf/5.3.0/../../../../../H-x86_64-mingw32/nios2-elf/lib/mhw-mulx\libc.a(lib_a-atexit.o)
 .text.atexit   0x0000000000010c94       0x14 c:/intelfpga_lite/18.1/nios2eds/bin/gnu/h-x86_64-mingw32/bin/../lib/gcc/nios2-elf/5.3.0/../../../../../H-x86_64-mingw32/nios2-elf/lib/mhw-mulx\libc.a(lib_a-atexit.o)
                0x0000000000010c94                atexit
 .text          0x0000000000010ca8        0x0 c:/intelfpga_lite/18.1/nios2eds/bin/gnu/h-x86_64-mingw32/bin/../lib/gcc/nios2-elf/5.3.0/../../../../../H-x86_64-mingw32/nios2-elf/lib/mhw-mulx\libc.a(lib_a-exit.o)
 .text.exit     0x0000000000010ca8       0x38 c:/intelfpga_lite/18.1/nios2eds/bin/gnu/h-x86_64-mingw32/bin/../lib/gcc/nios2-elf/5.3.0/../../../../../H-x86_64-mingw32/nios2-elf/lib/mhw-mulx\libc.a(lib_a-exit.o)
                0x0000000000010ca8                exit
 .text          0x0000000000010ce0        0x0 c:/intelfpga_lite/18.1/nios2eds/bin/gnu/h-x86_64-mingw32/bin/../lib/gcc/nios2-elf/5.3.0/../../../../../H-x86_64-mingw32/nios2-elf/lib/mhw-mulx\libc.a(lib_a-memcmp.o)
 .text.memcmp   0x0000000000010ce0       0x7c c:/intelfpga_lite/18.1/nios2eds/bin/gnu/h-x86_64-mingw32/bin/../lib/gcc/nios2-elf/5.3.0/../../../../../H-x86_64-mingw32/nios2-elf/lib/mhw-mulx\libc.a(lib_a-memcmp.o)
                0x0000000000010ce0                memcmp
 .text          0x0000000000010d5c        0x0 c:/intelfpga_lite/18.1/nios2eds/bin/gnu/h-x86_64-mingw32/bin/../lib/gcc/nios2-elf/5.3.0/../../../../../H-x86_64-mingw32/nios2-elf/lib/mhw-mulx\libc.a(lib_a-__atexit.o)
 .text.__register_exitproc
                0x0000000000010d5c      0x118 c:/intelfpga_lite/18.1/nios2eds/bin/gnu/h-x86_64-mingw32/bin/../lib/gcc/nios2-elf/5.3.0/../../../../../H-x86_64-mingw32/nios2-elf/lib/mhw-mulx\libc.a(lib_a-__atexit.o)
                0x0000000000010d5c                __register_exitproc
 .text          0x0000000000010e74        0x0 c:/intelfpga_lite/18.1/nios2eds/bin/gnu/h-x86_64-mingw32/bin/../lib/gcc/nios2-elf/5.3.0/../../../../../H-x86_64-mingw32/nios2-elf/lib/mhw-mulx\libc.a(lib_a-__call_atexit.o)
 .text.__call_exitprocs
                0x0000000000010e74      0x180 c:/intelfpga_lite/18.1/nios2eds/bin/gnu/h-x86_64-mingw32/bin/../lib/gcc/nios2-elf/5.3.0/../../../../../H-x86_64-mingw32/nios2-elf/lib/mhw-mulx\libc.a(lib_a-__call_atexit.o)
                0x0000000000010e74                __call_exitprocs
 .text          0x0000000000010ff4       0x34 ../cme332_ex5_ucosii_bsp/\libucosii_bsp.a(alt_exit.o)
                0x0000000000010ff4                _exit
 *(.gnu.warning.*)
 *(.fini)
                [!provide]                        PROVIDE (__etext, ABSOLUTE (.))
                [!provide]                        PROVIDE (_etext, ABSOLUTE (.))
                [!provide]                        PROVIDE (etext, ABSOLUTE (.))
 *(.eh_frame_hdr)
                0x0000000000011028                . = ALIGN (0x4)
                [!provide]                        PROVIDE (__preinit_array_start, ABSOLUTE (.))
 *(.preinit_array)
                [!provide]                        PROVIDE (__preinit_array_end, ABSOLUTE (.))
                [!provide]                        PROVIDE (__init_array_start, ABSOLUTE (.))
 *(.init_array)
                [!provide]                        PROVIDE (__init_array_end, ABSOLUTE (.))
                [!provide]                        PROVIDE (__fini_array_start, ABSOLUTE (.))
 *(.fini_array)
                [!provide]                        PROVIDE (__fini_array_end, ABSOLUTE (.))
 *(.eh_frame)
 *(.gcc_except_table .gcc_except_table.*)
 *(.dynamic)
                0x0000000000011028                PROVIDE (__CTOR_LIST__, ABSOLUTE (.))
 *(.ctors)
 *(SORT(.ctors.*))
                0x0000000000011028                PROVIDE (__CTOR_END__, ABSOLUTE (.))
                0x0000000000011028                PROVIDE (__DTOR_LIST__, ABSOLUTE (.))
 *(.dtors)
 *(SORT(.dtors.*))
                0x0000000000011028                PROVIDE (__DTOR_END__, ABSOLUTE (.))
 *(.jcr)
                0x0000000000011028                . = ALIGN (0x4)

.rodata         0x0000000000011028      0x368
                0x0000000000011028                PROVIDE (__ram_rodata_start, ABSOLUTE (.))
                0x0000000000011028                . = ALIGN (0x4)
 *(.rodata .rodata.* .gnu.linkonce.r.*)
 .rodata        0x0000000000011028       0xc2 obj/default/binary_game.o
 *fill*         0x00000000000110ea        0x2 
 .rodata.str1.4
                0x00000000000110ec        0x2 c:/intelfpga_lite/18.1/nios2eds/bin/gnu/h-x86_64-mingw32/bin/../lib/gcc/nios2-elf/5.3.0/../../../../../H-x86_64-mingw32/nios2-elf/lib/mhw-mulx\libc.a(lib_a-puts.o)
 *fill*         0x00000000000110ee        0x2 
 .rodata.str1.4
                0x00000000000110f0        0x4 c:/intelfpga_lite/18.1/nios2eds/bin/gnu/h-x86_64-mingw32/bin/../lib/gcc/nios2-elf/5.3.0/../../../../../H-x86_64-mingw32/nios2-elf/lib/mhw-mulx\libc.a(lib_a-impure.o)
                                          0x2 (size before relaxing)
 .rodata        0x00000000000110f4        0xa ../cme332_ex5_ucosii_bsp/\libucosii_bsp.a(alt_dev.o)
 *fill*         0x00000000000110fe        0x2 
 .rodata        0x0000000000011100        0xf ../cme332_ex5_ucosii_bsp/\libucosii_bsp.a(alt_main.o)
 *fill*         0x000000000001110f        0x1 
 .rodata        0x0000000000011110      0x11e ../cme332_ex5_ucosii_bsp/\libucosii_bsp.a(os_core.o)
                0x0000000000011110                OSUnMapTbl
 *fill*         0x000000000001122e        0x2 
 .rodata        0x0000000000011230      0x159 ../cme332_ex5_ucosii_bsp/\libucosii_bsp.a(alt_sys_init.o)
 *fill*         0x0000000000011389        0x3 
 .rodata        0x000000000001138c        0x2 ../cme332_ex5_ucosii_bsp/\libucosii_bsp.a(os_cpu_c.o)
 *(.rodata1)
                0x0000000000011390                . = ALIGN (0x4)
 *fill*         0x000000000001138e        0x2 
                0x0000000000011390                PROVIDE (__ram_rodata_end, ABSOLUTE (.))
                0x0000000000011028                PROVIDE (__flash_rodata_start, LOADADDR (.rodata))

.rwdata         0x0000000000011390     0x1e30 load address 0x00000000000131c0
                0x0000000000011390                PROVIDE (__ram_rwdata_start, ABSOLUTE (.))
                0x0000000000011390                . = ALIGN (0x4)
 *(.got.plt)
 *(.got)
 *(.data1)
 *(.data .data.* .gnu.linkonce.d.*)
 .data          0x0000000000011390        0x0 ../cme332_ex5_ucosii_bsp//obj/HAL/src/crt0.o
 .data          0x0000000000011390       0x28 obj/default/binary_game.o
                0x0000000000011390                hex_display
 .data          0x00000000000113b8        0x0 c:/intelfpga_lite/18.1/nios2eds/bin/gnu/h-x86_64-mingw32/bin/../lib/gcc/nios2-elf/5.3.0/../../../../../H-x86_64-mingw32/nios2-elf/lib/mhw-mulx\libc.a(lib_a-puts.o)
 .data          0x00000000000113b8        0x0 c:/intelfpga_lite/18.1/nios2eds/bin/gnu/h-x86_64-mingw32/bin/../lib/gcc/nios2-elf/5.3.0/../../../../../H-x86_64-mingw32/nios2-elf/lib/mhw-mulx\libc.a(lib_a-rand.o)
 .data          0x00000000000113b8        0x0 c:/intelfpga_lite/18.1/nios2eds/bin/gnu/h-x86_64-mingw32/bin/../lib/gcc/nios2-elf/5.3.0/../../../../../H-x86_64-mingw32/nios2-elf/lib/mhw-mulx\libc.a(lib_a-strlen.o)
 .data          0x00000000000113b8        0x0 c:/intelfpga_lite/18.1/nios2eds/bin/gnu/h-x86_64-mingw32/bin/../lib/gcc/nios2-elf/5.3.0/../../../../../H-x86_64-mingw32/nios2-elf/lib/mhw-mulx\libc.a(lib_a-findfp.o)
 .data          0x00000000000113b8        0x0 c:/intelfpga_lite/18.1/nios2eds/bin/gnu/h-x86_64-mingw32/bin/../lib/gcc/nios2-elf/5.3.0/../../../../../H-x86_64-mingw32/nios2-elf/lib/mhw-mulx\libc.a(lib_a-fvwrite.o)
 .data          0x00000000000113b8        0x0 c:/intelfpga_lite/18.1/nios2eds/bin/gnu/h-x86_64-mingw32/bin/../lib/gcc/nios2-elf/5.3.0/../../../../../H-x86_64-mingw32/nios2-elf/lib/mhw-mulx\libc.a(lib_a-fwalk.o)
 .data          0x00000000000113b8        0x0 c:/intelfpga_lite/18.1/nios2eds/bin/gnu/h-x86_64-mingw32/bin/../lib/gcc/nios2-elf/5.3.0/../../../../../H-x86_64-mingw32/nios2-elf/lib/mhw-mulx\libc.a(lib_a-impure.o)
 .data.impure_data
                0x00000000000113b8      0x424 c:/intelfpga_lite/18.1/nios2eds/bin/gnu/h-x86_64-mingw32/bin/../lib/gcc/nios2-elf/5.3.0/../../../../../H-x86_64-mingw32/nios2-elf/lib/mhw-mulx\libc.a(lib_a-impure.o)
 .data          0x00000000000117dc        0x0 c:/intelfpga_lite/18.1/nios2eds/bin/gnu/h-x86_64-mingw32/bin/../lib/gcc/nios2-elf/5.3.0/../../../../../H-x86_64-mingw32/nios2-elf/lib/mhw-mulx\libc.a(lib_a-mallocr.o)
 .data.__malloc_av_
                0x00000000000117dc      0x408 c:/intelfpga_lite/18.1/nios2eds/bin/gnu/h-x86_64-mingw32/bin/../lib/gcc/nios2-elf/5.3.0/../../../../../H-x86_64-mingw32/nios2-elf/lib/mhw-mulx\libc.a(lib_a-mallocr.o)
                0x00000000000117dc                __malloc_av_
 .data          0x0000000000011be4        0x0 c:/intelfpga_lite/18.1/nios2eds/bin/gnu/h-x86_64-mingw32/bin/../lib/gcc/nios2-elf/5.3.0/../../../../../H-x86_64-mingw32/nios2-elf/lib/mhw-mulx\libc.a(lib_a-memchr.o)
 .data          0x0000000000011be4        0x0 c:/intelfpga_lite/18.1/nios2eds/bin/gnu/h-x86_64-mingw32/bin/../lib/gcc/nios2-elf/5.3.0/../../../../../H-x86_64-mingw32/nios2-elf/lib/mhw-mulx\libc.a(lib_a-memcpy.o)
 .data          0x0000000000011be4        0x0 c:/intelfpga_lite/18.1/nios2eds/bin/gnu/h-x86_64-mingw32/bin/../lib/gcc/nios2-elf/5.3.0/../../../../../H-x86_64-mingw32/nios2-elf/lib/mhw-mulx\libc.a(lib_a-memmove.o)
 .data          0x0000000000011be4        0x0 c:/intelfpga_lite/18.1/nios2eds/bin/gnu/h-x86_64-mingw32/bin/../lib/gcc/nios2-elf/5.3.0/../../../../../H-x86_64-mingw32/nios2-elf/lib/mhw-mulx\libc.a(lib_a-memset.o)
 .data          0x0000000000011be4        0x0 c:/intelfpga_lite/18.1/nios2eds/bin/gnu/h-x86_64-mingw32/bin/../lib/gcc/nios2-elf/5.3.0/../../../../../H-x86_64-mingw32/nios2-elf/lib/mhw-mulx\libc.a(lib_a-reallocr.o)
 .data          0x0000000000011be4        0x0 c:/intelfpga_lite/18.1/nios2eds/bin/gnu/h-x86_64-mingw32/bin/../lib/gcc/nios2-elf/5.3.0/../../../../../H-x86_64-mingw32/nios2-elf/lib/mhw-mulx\libc.a(lib_a-sbrkr.o)
 .data          0x0000000000011be4        0x0 c:/intelfpga_lite/18.1/nios2eds/bin/gnu/h-x86_64-mingw32/bin/../lib/gcc/nios2-elf/5.3.0/../../../../../H-x86_64-mingw32/nios2-elf/lib/mhw-mulx\libc.a(lib_a-stdio.o)
 .data          0x0000000000011be4        0x0 c:/intelfpga_lite/18.1/nios2eds/bin/gnu/h-x86_64-mingw32/bin/../lib/gcc/nios2-elf/5.3.0/../../../../../H-x86_64-mingw32/nios2-elf/lib/mhw-mulx\libc.a(lib_a-writer.o)
 .data          0x0000000000011be4        0x0 c:/intelfpga_lite/18.1/nios2eds/bin/gnu/h-x86_64-mingw32/bin/../lib/gcc/nios2-elf/5.3.0/../../../../../H-x86_64-mingw32/nios2-elf/lib/mhw-mulx\libc.a(lib_a-wsetup.o)
 .data          0x0000000000011be4        0x0 c:/intelfpga_lite/18.1/nios2eds/bin/gnu/h-x86_64-mingw32/bin/../lib/gcc/nios2-elf/5.3.0/../../../../../H-x86_64-mingw32/nios2-elf/lib/mhw-mulx\libc.a(closer.o)
 .data          0x0000000000011be4        0x0 c:/intelfpga_lite/18.1/nios2eds/bin/gnu/h-x86_64-mingw32/bin/../lib/gcc/nios2-elf/5.3.0/../../../../../H-x86_64-mingw32/nios2-elf/lib/mhw-mulx\libc.a(lib_a-fclose.o)
 .data          0x0000000000011be4        0x0 c:/intelfpga_lite/18.1/nios2eds/bin/gnu/h-x86_64-mingw32/bin/../lib/gcc/nios2-elf/5.3.0/../../../../../H-x86_64-mingw32/nios2-elf/lib/mhw-mulx\libc.a(lib_a-fflush.o)
 .data          0x0000000000011be4        0x0 c:/intelfpga_lite/18.1/nios2eds/bin/gnu/h-x86_64-mingw32/bin/../lib/gcc/nios2-elf/5.3.0/../../../../../H-x86_64-mingw32/nios2-elf/lib/mhw-mulx\libc.a(lib_a-freer.o)
 .data          0x0000000000011be4        0x0 c:/intelfpga_lite/18.1/nios2eds/bin/gnu/h-x86_64-mingw32/bin/../lib/gcc/nios2-elf/5.3.0/../../../../../H-x86_64-mingw32/nios2-elf/lib/mhw-mulx\libc.a(lib_a-int_errno.o)
 .data          0x0000000000011be4        0x0 c:/intelfpga_lite/18.1/nios2eds/bin/gnu/h-x86_64-mingw32/bin/../lib/gcc/nios2-elf/5.3.0/../../../../../H-x86_64-mingw32/nios2-elf/lib/mhw-mulx\libc.a(lib_a-lseekr.o)
 .data          0x0000000000011be4        0x0 c:/intelfpga_lite/18.1/nios2eds/bin/gnu/h-x86_64-mingw32/bin/../lib/gcc/nios2-elf/5.3.0/../../../../../H-x86_64-mingw32/nios2-elf/lib/mhw-mulx\libc.a(lib_a-makebuf.o)
 .data          0x0000000000011be4        0x0 c:/intelfpga_lite/18.1/nios2eds/bin/gnu/h-x86_64-mingw32/bin/../lib/gcc/nios2-elf/5.3.0/../../../../../H-x86_64-mingw32/nios2-elf/lib/mhw-mulx\libc.a(lib_a-readr.o)
 .data          0x0000000000011be4        0x0 c:/intelfpga_lite/18.1/nios2eds/bin/gnu/h-x86_64-mingw32/bin/../lib/gcc/nios2-elf/5.3.0/../../../../../H-x86_64-mingw32/nios2-elf/lib/mhw-mulx\libc.a(lib_a-fstatr.o)
 .data          0x0000000000011be4        0x0 c:/intelfpga_lite/18.1/nios2eds/bin/gnu/h-x86_64-mingw32/bin/../lib/gcc/nios2-elf/5.3.0/../../../../../H-x86_64-mingw32/nios2-elf/lib/mhw-mulx\libc.a(lib_a-isattyr.o)
 .data          0x0000000000011be4        0x0 c:/intelfpga_lite/18.1/nios2eds/bin/gnu/h-x86_64-mingw32/bin/../lib/gcc/nios2-elf/5.3.0/mhw-mulx\libgcc.a(lib2-divmod.o)
 .data          0x0000000000011be4        0x0 ../cme332_ex5_ucosii_bsp/\libucosii_bsp.a(alt_close.o)
 .data          0x0000000000011be4      0x1a8 ../cme332_ex5_ucosii_bsp/\libucosii_bsp.a(alt_dev.o)
                0x0000000000011be4                alt_dev_null
                0x0000000000011c0c                alt_fd_list
 .data          0x0000000000011d8c        0x0 ../cme332_ex5_ucosii_bsp/\libucosii_bsp.a(alt_errno.o)
 .data          0x0000000000011d8c        0x0 ../cme332_ex5_ucosii_bsp/\libucosii_bsp.a(alt_fstat.o)
 .data          0x0000000000011d8c        0x0 ../cme332_ex5_ucosii_bsp/\libucosii_bsp.a(alt_isatty.o)
 .data          0x0000000000011d8c        0x0 ../cme332_ex5_ucosii_bsp/\libucosii_bsp.a(alt_load.o)
 .data          0x0000000000011d8c        0x0 ../cme332_ex5_ucosii_bsp/\libucosii_bsp.a(alt_lseek.o)
 .data          0x0000000000011d8c        0x0 ../cme332_ex5_ucosii_bsp/\libucosii_bsp.a(alt_main.o)
 .data          0x0000000000011d8c        0x0 ../cme332_ex5_ucosii_bsp/\libucosii_bsp.a(alt_read.o)
 .data          0x0000000000011d8c        0x0 ../cme332_ex5_ucosii_bsp/\libucosii_bsp.a(alt_release_fd.o)
 .data          0x0000000000011d8c        0x0 ../cme332_ex5_ucosii_bsp/\libucosii_bsp.a(alt_sbrk.o)
 .data          0x0000000000011d8c        0x0 ../cme332_ex5_ucosii_bsp/\libucosii_bsp.a(alt_write.o)
 .data          0x0000000000011d8c        0x0 ../cme332_ex5_ucosii_bsp/\libucosii_bsp.a(alt_env_lock.o)
 .data          0x0000000000011d8c        0x0 ../cme332_ex5_ucosii_bsp/\libucosii_bsp.a(alt_malloc_lock.o)
 .data          0x0000000000011d8c        0x0 ../cme332_ex5_ucosii_bsp/\libucosii_bsp.a(os_core.o)
 .data          0x0000000000011d8c        0x0 ../cme332_ex5_ucosii_bsp/\libucosii_bsp.a(os_dbg.o)
 .data          0x0000000000011d8c        0x0 ../cme332_ex5_ucosii_bsp/\libucosii_bsp.a(os_flag.o)
 .data          0x0000000000011d8c        0x0 ../cme332_ex5_ucosii_bsp/\libucosii_bsp.a(os_mbox.o)
 .data          0x0000000000011d8c        0x0 ../cme332_ex5_ucosii_bsp/\libucosii_bsp.a(os_mem.o)
 .data          0x0000000000011d8c        0x0 ../cme332_ex5_ucosii_bsp/\libucosii_bsp.a(os_q.o)
 .data          0x0000000000011d8c        0x0 ../cme332_ex5_ucosii_bsp/\libucosii_bsp.a(os_sem.o)
 .data          0x0000000000011d8c        0x0 ../cme332_ex5_ucosii_bsp/\libucosii_bsp.a(os_task.o)
 .data          0x0000000000011d8c        0x0 ../cme332_ex5_ucosii_bsp/\libucosii_bsp.a(os_time.o)
 .data          0x0000000000011d8c     0x1378 ../cme332_ex5_ucosii_bsp/\libucosii_bsp.a(alt_sys_init.o)
 .data          0x0000000000013104        0x0 ../cme332_ex5_ucosii_bsp/\libucosii_bsp.a(altera_avalon_jtag_uart_fd.o)
 .data          0x0000000000013104        0x0 ../cme332_ex5_ucosii_bsp/\libucosii_bsp.a(altera_avalon_jtag_uart_init.o)
 .data          0x0000000000013104        0x0 ../cme332_ex5_ucosii_bsp/\libucosii_bsp.a(altera_avalon_jtag_uart_ioctl.o)
 .data          0x0000000000013104        0x0 ../cme332_ex5_ucosii_bsp/\libucosii_bsp.a(altera_avalon_jtag_uart_read.o)
 .data          0x0000000000013104        0x0 ../cme332_ex5_ucosii_bsp/\libucosii_bsp.a(altera_avalon_jtag_uart_write.o)
 .data          0x0000000000013104        0x0 ../cme332_ex5_ucosii_bsp/\libucosii_bsp.a(altera_avalon_timer_sc.o)
 .data          0x0000000000013104        0x0 ../cme332_ex5_ucosii_bsp/\libucosii_bsp.a(altera_up_avalon_character_lcd.o)
 .data          0x0000000000013104        0x0 ../cme332_ex5_ucosii_bsp/\libucosii_bsp.a(altera_up_avalon_irda.o)
 .data          0x0000000000013104        0x0 ../cme332_ex5_ucosii_bsp/\libucosii_bsp.a(altera_up_avalon_ps2.o)
 .data          0x0000000000013104        0x0 ../cme332_ex5_ucosii_bsp/\libucosii_bsp.a(altera_up_avalon_rs232.o)
 .data          0x0000000000013104        0x0 ../cme332_ex5_ucosii_bsp/\libucosii_bsp.a(alt_alarm_start.o)
 .data          0x0000000000013104        0x0 ../cme332_ex5_ucosii_bsp/\libucosii_bsp.a(alt_dcache_flush_all.o)
 .data          0x0000000000013104        0x0 ../cme332_ex5_ucosii_bsp/\libucosii_bsp.a(alt_dev_llist_insert.o)
 .data          0x0000000000013104        0x0 ../cme332_ex5_ucosii_bsp/\libucosii_bsp.a(alt_do_ctors.o)
 .data          0x0000000000013104        0x0 ../cme332_ex5_ucosii_bsp/\libucosii_bsp.a(alt_do_dtors.o)
 .data          0x0000000000013104        0x0 ../cme332_ex5_ucosii_bsp/\libucosii_bsp.a(alt_find_dev.o)
 .data          0x0000000000013104        0x0 ../cme332_ex5_ucosii_bsp/\libucosii_bsp.a(alt_icache_flush_all.o)
 .data          0x0000000000013104        0x0 ../cme332_ex5_ucosii_bsp/\libucosii_bsp.a(alt_io_redirect.o)
 .data          0x0000000000013104        0x0 ../cme332_ex5_ucosii_bsp/\libucosii_bsp.a(alt_irq_register.o)
 .data          0x0000000000013104        0x0 ../cme332_ex5_ucosii_bsp/\libucosii_bsp.a(alt_irq_vars.o)
 .data          0x0000000000013104        0x0 ../cme332_ex5_ucosii_bsp/\libucosii_bsp.a(alt_open.o)
 .data          0x0000000000013104        0x0 ../cme332_ex5_ucosii_bsp/\libucosii_bsp.a(alt_tick.o)
 .data          0x0000000000013104        0x0 ../cme332_ex5_ucosii_bsp/\libucosii_bsp.a(altera_nios2_gen2_irq.o)
 .data          0x0000000000013104        0x0 ../cme332_ex5_ucosii_bsp/\libucosii_bsp.a(os_cpu_a.o)
 .data          0x0000000000013104        0x0 ../cme332_ex5_ucosii_bsp/\libucosii_bsp.a(os_cpu_c.o)
 .data          0x0000000000013104        0x0 ../cme332_ex5_ucosii_bsp/\libucosii_bsp.a(alt_find_file.o)
 .data          0x0000000000013104        0x0 ../cme332_ex5_ucosii_bsp/\libucosii_bsp.a(alt_get_fd.o)
 .data          0x0000000000013104        0x0 ../cme332_ex5_ucosii_bsp/\libucosii_bsp.a(alt_icache_flush.o)
 .data          0x0000000000013104        0x0 ../cme332_ex5_ucosii_bsp/\libucosii_bsp.a(alt_irq_entry.o)
 .data          0x0000000000013104        0x0 ../cme332_ex5_ucosii_bsp/\libucosii_bsp.a(alt_irq_handler.o)
 .data          0x0000000000013104        0x0 ../cme332_ex5_ucosii_bsp/\libucosii_bsp.a(alt_exception_entry.o)
 .data          0x0000000000013104        0x0 ../cme332_ex5_ucosii_bsp/\libucosii_bsp.a(alt_instruction_exception_entry.o)
 .data          0x0000000000013104        0x0 c:/intelfpga_lite/18.1/nios2eds/bin/gnu/h-x86_64-mingw32/bin/../lib/gcc/nios2-elf/5.3.0/../../../../../H-x86_64-mingw32/nios2-elf/lib/mhw-mulx\libc.a(lib_a-atexit.o)
 .data          0x0000000000013104        0x0 c:/intelfpga_lite/18.1/nios2eds/bin/gnu/h-x86_64-mingw32/bin/../lib/gcc/nios2-elf/5.3.0/../../../../../H-x86_64-mingw32/nios2-elf/lib/mhw-mulx\libc.a(lib_a-exit.o)
 .data          0x0000000000013104        0x0 c:/intelfpga_lite/18.1/nios2eds/bin/gnu/h-x86_64-mingw32/bin/../lib/gcc/nios2-elf/5.3.0/../../../../../H-x86_64-mingw32/nios2-elf/lib/mhw-mulx\libc.a(lib_a-memcmp.o)
 .data          0x0000000000013104        0x0 c:/intelfpga_lite/18.1/nios2eds/bin/gnu/h-x86_64-mingw32/bin/../lib/gcc/nios2-elf/5.3.0/../../../../../H-x86_64-mingw32/nios2-elf/lib/mhw-mulx\libc.a(lib_a-__atexit.o)
 .data          0x0000000000013104        0x0 c:/intelfpga_lite/18.1/nios2eds/bin/gnu/h-x86_64-mingw32/bin/../lib/gcc/nios2-elf/5.3.0/../../../../../H-x86_64-mingw32/nios2-elf/lib/mhw-mulx\libc.a(lib_a-__call_atexit.o)
 .data          0x0000000000013104        0x0 ../cme332_ex5_ucosii_bsp/\libucosii_bsp.a(alt_exit.o)
                0x000000000001b104                _gp = ABSOLUTE ((. + 0x8000))
                [!provide]                        PROVIDE (gp, _gp)
 *(.rwdata .rwdata.*)
 *(.sdata .sdata.* .gnu.linkonce.s.*)
 .sdata         0x0000000000013104        0x8 obj/default/binary_game.o
                0x0000000000013104                count
                0x0000000000013108                state
 .sdata._global_impure_ptr
                0x000000000001310c        0x4 c:/intelfpga_lite/18.1/nios2eds/bin/gnu/h-x86_64-mingw32/bin/../lib/gcc/nios2-elf/5.3.0/../../../../../H-x86_64-mingw32/nios2-elf/lib/mhw-mulx\libc.a(lib_a-impure.o)
                0x000000000001310c                _global_impure_ptr
 .sdata._impure_ptr
                0x0000000000013110        0x4 c:/intelfpga_lite/18.1/nios2eds/bin/gnu/h-x86_64-mingw32/bin/../lib/gcc/nios2-elf/5.3.0/../../../../../H-x86_64-mingw32/nios2-elf/lib/mhw-mulx\libc.a(lib_a-impure.o)
                0x0000000000013110                _impure_ptr
 .sdata.__malloc_sbrk_base
                0x0000000000013114        0x4 c:/intelfpga_lite/18.1/nios2eds/bin/gnu/h-x86_64-mingw32/bin/../lib/gcc/nios2-elf/5.3.0/../../../../../H-x86_64-mingw32/nios2-elf/lib/mhw-mulx\libc.a(lib_a-mallocr.o)
                0x0000000000013114                __malloc_sbrk_base
 .sdata.__malloc_trim_threshold
                0x0000000000013118        0x4 c:/intelfpga_lite/18.1/nios2eds/bin/gnu/h-x86_64-mingw32/bin/../lib/gcc/nios2-elf/5.3.0/../../../../../H-x86_64-mingw32/nios2-elf/lib/mhw-mulx\libc.a(lib_a-mallocr.o)
                0x0000000000013118                __malloc_trim_threshold
 .sdata         0x000000000001311c       0x14 ../cme332_ex5_ucosii_bsp/\libucosii_bsp.a(alt_dev.o)
                0x000000000001311c                alt_fs_list
                0x0000000000013124                alt_dev_list
                0x000000000001312c                alt_max_fd
 .sdata         0x0000000000013130        0x4 ../cme332_ex5_ucosii_bsp/\libucosii_bsp.a(alt_errno.o)
                0x0000000000013130                alt_errno
 .sdata         0x0000000000013134        0x4 ../cme332_ex5_ucosii_bsp/\libucosii_bsp.a(alt_sbrk.o)
 .sdata         0x0000000000013138        0x4 ../cme332_ex5_ucosii_bsp/\libucosii_bsp.a(alt_env_lock.o)
 .sdata         0x000000000001313c        0x4 ../cme332_ex5_ucosii_bsp/\libucosii_bsp.a(alt_malloc_lock.o)
 .sdata         0x0000000000013140       0x72 ../cme332_ex5_ucosii_bsp/\libucosii_bsp.a(os_dbg.o)
                0x0000000000013140                OSDebugEn
                0x0000000000013144                OSEndiannessTest
                0x0000000000013148                OSEventEn
                0x000000000001314a                OSEventMax
                0x000000000001314c                OSEventNameSize
                0x000000000001314e                OSEventSize
                0x0000000000013150                OSEventTblSize
                0x0000000000013152                OSEventMultiEn
                0x0000000000013154                OSFlagEn
                0x0000000000013156                OSFlagGrpSize
                0x0000000000013158                OSFlagNodeSize
                0x000000000001315a                OSFlagWidth
                0x000000000001315c                OSFlagMax
                0x000000000001315e                OSFlagNameSize
                0x0000000000013160                OSLowestPrio
                0x0000000000013162                OSMboxEn
                0x0000000000013164                OSMemEn
                0x0000000000013166                OSMemMax
                0x0000000000013168                OSMemNameSize
                0x000000000001316a                OSMemSize
                0x000000000001316c                OSMemTblSize
                0x000000000001316e                OSMutexEn
                0x0000000000013170                OSPtrSize
                0x0000000000013172                OSQEn
                0x0000000000013174                OSQMax
                0x0000000000013176                OSQSize
                0x0000000000013178                OSRdyTblSize
                0x000000000001317a                OSSemEn
                0x000000000001317c                OSStkWidth
                0x000000000001317e                OSTaskCreateEn
                0x0000000000013180                OSTaskCreateExtEn
                0x0000000000013182                OSTaskDelEn
                0x0000000000013184                OSTaskIdleStkSize
                0x0000000000013186                OSTaskProfileEn
                0x0000000000013188                OSTaskMax
                0x000000000001318a                OSTaskNameSize
                0x000000000001318c                OSTaskStatEn
                0x000000000001318e                OSTaskStatStkSize
                0x0000000000013190                OSTaskStatStkChkEn
                0x0000000000013192                OSTaskSwHookEn
                0x0000000000013194                OSTCBPrioTblMax
                0x0000000000013196                OSTCBSize
                0x0000000000013198                OSTicksPerSec
                0x000000000001319a                OSTimeTickHookEn
                0x000000000001319c                OSVersionNbr
                0x000000000001319e                OSTmrEn
                0x00000000000131a0                OSTmrCfgMax
                0x00000000000131a2                OSTmrCfgNameSize
                0x00000000000131a4                OSTmrCfgWheelSize
                0x00000000000131a6                OSTmrCfgTicksPerSec
                0x00000000000131a8                OSTmrSize
                0x00000000000131aa                OSTmrTblSize
                0x00000000000131ac                OSTmrWheelSize
                0x00000000000131ae                OSTmrWheelTblSize
                0x00000000000131b0                OSDataSize
 *fill*         0x00000000000131b2        0x2 
 .sdata         0x00000000000131b4        0x4 ../cme332_ex5_ucosii_bsp/\libucosii_bsp.a(alt_irq_vars.o)
                0x00000000000131b4                alt_priority_mask
 .sdata         0x00000000000131b8        0x8 ../cme332_ex5_ucosii_bsp/\libucosii_bsp.a(alt_tick.o)
                0x00000000000131b8                alt_alarm_list
 *(.sdata2 .sdata2.* .gnu.linkonce.s2.*)
                0x00000000000131c0                . = ALIGN (0x4)
                0x00000000000131c0                _edata = ABSOLUTE (.)
                [!provide]                        PROVIDE (edata, ABSOLUTE (.))
                0x00000000000131c0                PROVIDE (__ram_rwdata_end, ABSOLUTE (.))
                0x00000000000131c0                PROVIDE (__flash_rwdata_start, LOADADDR (.rwdata))

.bss            0x0000000000014ff0     0x946c
                0x0000000000014ff0                __bss_start = ABSOLUTE (.)
                [!provide]                        PROVIDE (__sbss_start, ABSOLUTE (.))
                [!provide]                        PROVIDE (___sbss_start, ABSOLUTE (.))
 *(.dynsbss)
 *(.sbss .sbss.* .gnu.linkonce.sb.*)
 .sbss          0x0000000000014ff0        0xc obj/default/binary_game.o
                0x0000000000014ff0                point
                0x0000000000014ff4                elapse_time
                0x0000000000014ff8                power_flag
 .sbss          0x0000000000014ffc       0x20 obj/default/binary_game.o
                0x0000000000014ffc                number_of_question
                0x0000000000015000                question
                0x0000000000015004                mailBoxErr
                0x0000000000015008                BPMBox
                0x000000000001500c                err
                0x0000000000015010                answer
                0x0000000000015014                statemsg
                0x0000000000015018                dispSem
 .sbss.__malloc_max_total_mem
                0x000000000001501c        0x4 c:/intelfpga_lite/18.1/nios2eds/bin/gnu/h-x86_64-mingw32/bin/../lib/gcc/nios2-elf/5.3.0/../../../../../H-x86_64-mingw32/nios2-elf/lib/mhw-mulx\libc.a(lib_a-mallocr.o)
                0x000000000001501c                __malloc_max_total_mem
 .sbss.__malloc_max_sbrked_mem
                0x0000000000015020        0x4 c:/intelfpga_lite/18.1/nios2eds/bin/gnu/h-x86_64-mingw32/bin/../lib/gcc/nios2-elf/5.3.0/../../../../../H-x86_64-mingw32/nios2-elf/lib/mhw-mulx\libc.a(lib_a-mallocr.o)
                0x0000000000015020                __malloc_max_sbrked_mem
 .sbss.__malloc_top_pad
                0x0000000000015024        0x4 c:/intelfpga_lite/18.1/nios2eds/bin/gnu/h-x86_64-mingw32/bin/../lib/gcc/nios2-elf/5.3.0/../../../../../H-x86_64-mingw32/nios2-elf/lib/mhw-mulx\libc.a(lib_a-mallocr.o)
                0x0000000000015024                __malloc_top_pad
 .sbss          0x0000000000015028        0x4 c:/intelfpga_lite/18.1/nios2eds/bin/gnu/h-x86_64-mingw32/bin/../lib/gcc/nios2-elf/5.3.0/../../../../../H-x86_64-mingw32/nios2-elf/lib/mhw-mulx\libc.a(lib_a-int_errno.o)
                0x0000000000015028                errno
 .sbss          0x000000000001502c        0x4 ../cme332_ex5_ucosii_bsp/\libucosii_bsp.a(alt_dev.o)
                0x000000000001502c                alt_fd_list_lock
 .sbss          0x0000000000015030        0xc ../cme332_ex5_ucosii_bsp/\libucosii_bsp.a(alt_main.o)
                0x0000000000015030                alt_argc
                0x0000000000015034                alt_argv
                0x0000000000015038                alt_envp
 .sbss          0x000000000001503c        0x8 ../cme332_ex5_ucosii_bsp/\libucosii_bsp.a(alt_env_lock.o)
                0x0000000000015040                alt_envsem
 .sbss          0x0000000000015044        0x8 ../cme332_ex5_ucosii_bsp/\libucosii_bsp.a(alt_malloc_lock.o)
                0x0000000000015048                alt_heapsem
 .sbss          0x000000000001504c       0x50 ../cme332_ex5_ucosii_bsp/\libucosii_bsp.a(os_core.o)
                0x000000000001504c                OSLockNesting
                0x000000000001504d                OSRunning
                0x0000000000015050                OSIdleCtr
                0x0000000000015054                OSPrioHighRdy
                0x0000000000015055                OSPrioCur
                0x0000000000015058                OSTCBList
                0x000000000001505c                OSTickStepState
                0x0000000000015060                OSCtxSwCtr
                0x0000000000015064                OSIdleCtrMax
                0x0000000000015068                OSTCBFreeList
                0x000000000001506c                OSCPUUsage
                0x000000000001506d                OSTaskCtr
                0x0000000000015070                OSMemFreeList
                0x0000000000015074                OSTCBHighRdy
                0x0000000000015078                OSQFreeList
                0x000000000001507c                OSRdyGrp
                0x000000000001507d                OSRdyTbl
                0x0000000000015080                OSEventFreeList
                0x0000000000015084                OSIntNesting
                0x0000000000015088                OSTCBCur
                0x000000000001508c                OSTime
                0x0000000000015090                OSFlagFreeList
                0x0000000000015094                OSStatRdy
                0x0000000000015098                OSIdleCtrRun
 .sbss          0x000000000001509c        0x4 ../cme332_ex5_ucosii_bsp/\libucosii_bsp.a(alt_irq_vars.o)
                0x000000000001509c                alt_irq_active
 .sbss          0x00000000000150a0        0x8 ../cme332_ex5_ucosii_bsp/\libucosii_bsp.a(alt_tick.o)
                0x00000000000150a0                _alt_tick_rate
                0x00000000000150a4                _alt_nticks
 .sbss          0x00000000000150a8        0x4 ../cme332_ex5_ucosii_bsp/\libucosii_bsp.a(alt_instruction_exception_entry.o)
                0x00000000000150a8                alt_instruction_exception_handler
 *(.sbss2 .sbss2.* .gnu.linkonce.sb2.*)
 *(.scommon)
                [!provide]                        PROVIDE (__sbss_end, ABSOLUTE (.))
                [!provide]                        PROVIDE (___sbss_end, ABSOLUTE (.))
 *(.dynbss)
 *(.bss .bss.* .gnu.linkonce.b.*)
 .bss           0x00000000000150ac        0x0 ../cme332_ex5_ucosii_bsp//obj/HAL/src/crt0.o
 .bss           0x00000000000150ac        0x0 obj/default/binary_game.o
 .bss           0x00000000000150ac        0x0 c:/intelfpga_lite/18.1/nios2eds/bin/gnu/h-x86_64-mingw32/bin/../lib/gcc/nios2-elf/5.3.0/../../../../../H-x86_64-mingw32/nios2-elf/lib/mhw-mulx\libc.a(lib_a-puts.o)
 .bss           0x00000000000150ac        0x0 c:/intelfpga_lite/18.1/nios2eds/bin/gnu/h-x86_64-mingw32/bin/../lib/gcc/nios2-elf/5.3.0/../../../../../H-x86_64-mingw32/nios2-elf/lib/mhw-mulx\libc.a(lib_a-rand.o)
 .bss           0x00000000000150ac        0x0 c:/intelfpga_lite/18.1/nios2eds/bin/gnu/h-x86_64-mingw32/bin/../lib/gcc/nios2-elf/5.3.0/../../../../../H-x86_64-mingw32/nios2-elf/lib/mhw-mulx\libc.a(lib_a-strlen.o)
 .bss           0x00000000000150ac        0x0 c:/intelfpga_lite/18.1/nios2eds/bin/gnu/h-x86_64-mingw32/bin/../lib/gcc/nios2-elf/5.3.0/../../../../../H-x86_64-mingw32/nios2-elf/lib/mhw-mulx\libc.a(lib_a-findfp.o)
 .bss           0x00000000000150ac        0x0 c:/intelfpga_lite/18.1/nios2eds/bin/gnu/h-x86_64-mingw32/bin/../lib/gcc/nios2-elf/5.3.0/../../../../../H-x86_64-mingw32/nios2-elf/lib/mhw-mulx\libc.a(lib_a-fvwrite.o)
 .bss           0x00000000000150ac        0x0 c:/intelfpga_lite/18.1/nios2eds/bin/gnu/h-x86_64-mingw32/bin/../lib/gcc/nios2-elf/5.3.0/../../../../../H-x86_64-mingw32/nios2-elf/lib/mhw-mulx\libc.a(lib_a-fwalk.o)
 .bss           0x00000000000150ac        0x0 c:/intelfpga_lite/18.1/nios2eds/bin/gnu/h-x86_64-mingw32/bin/../lib/gcc/nios2-elf/5.3.0/../../../../../H-x86_64-mingw32/nios2-elf/lib/mhw-mulx\libc.a(lib_a-impure.o)
 .bss           0x00000000000150ac        0x0 c:/intelfpga_lite/18.1/nios2eds/bin/gnu/h-x86_64-mingw32/bin/../lib/gcc/nios2-elf/5.3.0/../../../../../H-x86_64-mingw32/nios2-elf/lib/mhw-mulx\libc.a(lib_a-mallocr.o)
 .bss.__malloc_current_mallinfo
                0x00000000000150ac       0x28 c:/intelfpga_lite/18.1/nios2eds/bin/gnu/h-x86_64-mingw32/bin/../lib/gcc/nios2-elf/5.3.0/../../../../../H-x86_64-mingw32/nios2-elf/lib/mhw-mulx\libc.a(lib_a-mallocr.o)
                0x00000000000150ac                __malloc_current_mallinfo
 .bss           0x00000000000150d4        0x0 c:/intelfpga_lite/18.1/nios2eds/bin/gnu/h-x86_64-mingw32/bin/../lib/gcc/nios2-elf/5.3.0/../../../../../H-x86_64-mingw32/nios2-elf/lib/mhw-mulx\libc.a(lib_a-memchr.o)
 .bss           0x00000000000150d4        0x0 c:/intelfpga_lite/18.1/nios2eds/bin/gnu/h-x86_64-mingw32/bin/../lib/gcc/nios2-elf/5.3.0/../../../../../H-x86_64-mingw32/nios2-elf/lib/mhw-mulx\libc.a(lib_a-memcpy.o)
 .bss           0x00000000000150d4        0x0 c:/intelfpga_lite/18.1/nios2eds/bin/gnu/h-x86_64-mingw32/bin/../lib/gcc/nios2-elf/5.3.0/../../../../../H-x86_64-mingw32/nios2-elf/lib/mhw-mulx\libc.a(lib_a-memmove.o)
 .bss           0x00000000000150d4        0x0 c:/intelfpga_lite/18.1/nios2eds/bin/gnu/h-x86_64-mingw32/bin/../lib/gcc/nios2-elf/5.3.0/../../../../../H-x86_64-mingw32/nios2-elf/lib/mhw-mulx\libc.a(lib_a-memset.o)
 .bss           0x00000000000150d4        0x0 c:/intelfpga_lite/18.1/nios2eds/bin/gnu/h-x86_64-mingw32/bin/../lib/gcc/nios2-elf/5.3.0/../../../../../H-x86_64-mingw32/nios2-elf/lib/mhw-mulx\libc.a(lib_a-reallocr.o)
 .bss           0x00000000000150d4        0x0 c:/intelfpga_lite/18.1/nios2eds/bin/gnu/h-x86_64-mingw32/bin/../lib/gcc/nios2-elf/5.3.0/../../../../../H-x86_64-mingw32/nios2-elf/lib/mhw-mulx\libc.a(lib_a-sbrkr.o)
 .bss           0x00000000000150d4        0x0 c:/intelfpga_lite/18.1/nios2eds/bin/gnu/h-x86_64-mingw32/bin/../lib/gcc/nios2-elf/5.3.0/../../../../../H-x86_64-mingw32/nios2-elf/lib/mhw-mulx\libc.a(lib_a-stdio.o)
 .bss           0x00000000000150d4        0x0 c:/intelfpga_lite/18.1/nios2eds/bin/gnu/h-x86_64-mingw32/bin/../lib/gcc/nios2-elf/5.3.0/../../../../../H-x86_64-mingw32/nios2-elf/lib/mhw-mulx\libc.a(lib_a-writer.o)
 .bss           0x00000000000150d4        0x0 c:/intelfpga_lite/18.1/nios2eds/bin/gnu/h-x86_64-mingw32/bin/../lib/gcc/nios2-elf/5.3.0/../../../../../H-x86_64-mingw32/nios2-elf/lib/mhw-mulx\libc.a(lib_a-wsetup.o)
 .bss           0x00000000000150d4        0x0 c:/intelfpga_lite/18.1/nios2eds/bin/gnu/h-x86_64-mingw32/bin/../lib/gcc/nios2-elf/5.3.0/../../../../../H-x86_64-mingw32/nios2-elf/lib/mhw-mulx\libc.a(closer.o)
 .bss           0x00000000000150d4        0x0 c:/intelfpga_lite/18.1/nios2eds/bin/gnu/h-x86_64-mingw32/bin/../lib/gcc/nios2-elf/5.3.0/../../../../../H-x86_64-mingw32/nios2-elf/lib/mhw-mulx\libc.a(lib_a-fclose.o)
 .bss           0x00000000000150d4        0x0 c:/intelfpga_lite/18.1/nios2eds/bin/gnu/h-x86_64-mingw32/bin/../lib/gcc/nios2-elf/5.3.0/../../../../../H-x86_64-mingw32/nios2-elf/lib/mhw-mulx\libc.a(lib_a-fflush.o)
 .bss           0x00000000000150d4        0x0 c:/intelfpga_lite/18.1/nios2eds/bin/gnu/h-x86_64-mingw32/bin/../lib/gcc/nios2-elf/5.3.0/../../../../../H-x86_64-mingw32/nios2-elf/lib/mhw-mulx\libc.a(lib_a-freer.o)
 .bss           0x00000000000150d4        0x0 c:/intelfpga_lite/18.1/nios2eds/bin/gnu/h-x86_64-mingw32/bin/../lib/gcc/nios2-elf/5.3.0/../../../../../H-x86_64-mingw32/nios2-elf/lib/mhw-mulx\libc.a(lib_a-int_errno.o)
 .bss           0x00000000000150d4        0x0 c:/intelfpga_lite/18.1/nios2eds/bin/gnu/h-x86_64-mingw32/bin/../lib/gcc/nios2-elf/5.3.0/../../../../../H-x86_64-mingw32/nios2-elf/lib/mhw-mulx\libc.a(lib_a-lseekr.o)
 .bss           0x00000000000150d4        0x0 c:/intelfpga_lite/18.1/nios2eds/bin/gnu/h-x86_64-mingw32/bin/../lib/gcc/nios2-elf/5.3.0/../../../../../H-x86_64-mingw32/nios2-elf/lib/mhw-mulx\libc.a(lib_a-makebuf.o)
 .bss           0x00000000000150d4        0x0 c:/intelfpga_lite/18.1/nios2eds/bin/gnu/h-x86_64-mingw32/bin/../lib/gcc/nios2-elf/5.3.0/../../../../../H-x86_64-mingw32/nios2-elf/lib/mhw-mulx\libc.a(lib_a-readr.o)
 .bss           0x00000000000150d4        0x0 c:/intelfpga_lite/18.1/nios2eds/bin/gnu/h-x86_64-mingw32/bin/../lib/gcc/nios2-elf/5.3.0/../../../../../H-x86_64-mingw32/nios2-elf/lib/mhw-mulx\libc.a(lib_a-fstatr.o)
 .bss           0x00000000000150d4        0x0 c:/intelfpga_lite/18.1/nios2eds/bin/gnu/h-x86_64-mingw32/bin/../lib/gcc/nios2-elf/5.3.0/../../../../../H-x86_64-mingw32/nios2-elf/lib/mhw-mulx\libc.a(lib_a-isattyr.o)
 .bss           0x00000000000150d4        0x0 c:/intelfpga_lite/18.1/nios2eds/bin/gnu/h-x86_64-mingw32/bin/../lib/gcc/nios2-elf/5.3.0/mhw-mulx\libgcc.a(lib2-divmod.o)
 .bss           0x00000000000150d4        0x0 ../cme332_ex5_ucosii_bsp/\libucosii_bsp.a(alt_close.o)
 .bss           0x00000000000150d4        0x0 ../cme332_ex5_ucosii_bsp/\libucosii_bsp.a(alt_dev.o)
 .bss           0x00000000000150d4        0x0 ../cme332_ex5_ucosii_bsp/\libucosii_bsp.a(alt_errno.o)
 .bss           0x00000000000150d4        0x0 ../cme332_ex5_ucosii_bsp/\libucosii_bsp.a(alt_fstat.o)
 .bss           0x00000000000150d4        0x0 ../cme332_ex5_ucosii_bsp/\libucosii_bsp.a(alt_isatty.o)
 .bss           0x00000000000150d4        0x0 ../cme332_ex5_ucosii_bsp/\libucosii_bsp.a(alt_load.o)
 .bss           0x00000000000150d4        0x0 ../cme332_ex5_ucosii_bsp/\libucosii_bsp.a(alt_lseek.o)
 .bss           0x00000000000150d4        0x0 ../cme332_ex5_ucosii_bsp/\libucosii_bsp.a(alt_main.o)
 .bss           0x00000000000150d4        0x0 ../cme332_ex5_ucosii_bsp/\libucosii_bsp.a(alt_read.o)
 .bss           0x00000000000150d4        0x0 ../cme332_ex5_ucosii_bsp/\libucosii_bsp.a(alt_release_fd.o)
 .bss           0x00000000000150d4        0x0 ../cme332_ex5_ucosii_bsp/\libucosii_bsp.a(alt_sbrk.o)
 .bss           0x00000000000150d4        0x0 ../cme332_ex5_ucosii_bsp/\libucosii_bsp.a(alt_write.o)
 .bss           0x00000000000150d4        0x0 ../cme332_ex5_ucosii_bsp/\libucosii_bsp.a(alt_env_lock.o)
 .bss           0x00000000000150d4        0x0 ../cme332_ex5_ucosii_bsp/\libucosii_bsp.a(alt_malloc_lock.o)
 .bss           0x00000000000150d4        0x0 ../cme332_ex5_ucosii_bsp/\libucosii_bsp.a(os_core.o)
 .bss           0x00000000000150d4        0x0 ../cme332_ex5_ucosii_bsp/\libucosii_bsp.a(os_dbg.o)
 .bss           0x00000000000150d4        0x0 ../cme332_ex5_ucosii_bsp/\libucosii_bsp.a(os_flag.o)
 .bss           0x00000000000150d4        0x0 ../cme332_ex5_ucosii_bsp/\libucosii_bsp.a(os_mbox.o)
 .bss           0x00000000000150d4        0x0 ../cme332_ex5_ucosii_bsp/\libucosii_bsp.a(os_mem.o)
 .bss           0x00000000000150d4        0x0 ../cme332_ex5_ucosii_bsp/\libucosii_bsp.a(os_q.o)
 .bss           0x00000000000150d4        0x0 ../cme332_ex5_ucosii_bsp/\libucosii_bsp.a(os_sem.o)
 .bss           0x00000000000150d4        0x0 ../cme332_ex5_ucosii_bsp/\libucosii_bsp.a(os_task.o)
 .bss           0x00000000000150d4        0x0 ../cme332_ex5_ucosii_bsp/\libucosii_bsp.a(os_time.o)
 .bss           0x00000000000150d4        0x0 ../cme332_ex5_ucosii_bsp/\libucosii_bsp.a(alt_sys_init.o)
 .bss           0x00000000000150d4        0x0 ../cme332_ex5_ucosii_bsp/\libucosii_bsp.a(altera_avalon_jtag_uart_fd.o)
 .bss           0x00000000000150d4        0x0 ../cme332_ex5_ucosii_bsp/\libucosii_bsp.a(altera_avalon_jtag_uart_init.o)
 .bss           0x00000000000150d4        0x0 ../cme332_ex5_ucosii_bsp/\libucosii_bsp.a(altera_avalon_jtag_uart_ioctl.o)
 .bss           0x00000000000150d4        0x0 ../cme332_ex5_ucosii_bsp/\libucosii_bsp.a(altera_avalon_jtag_uart_read.o)
 .bss           0x00000000000150d4        0x0 ../cme332_ex5_ucosii_bsp/\libucosii_bsp.a(altera_avalon_jtag_uart_write.o)
 .bss           0x00000000000150d4        0x0 ../cme332_ex5_ucosii_bsp/\libucosii_bsp.a(altera_avalon_timer_sc.o)
 .bss           0x00000000000150d4        0x0 ../cme332_ex5_ucosii_bsp/\libucosii_bsp.a(altera_up_avalon_character_lcd.o)
 .bss           0x00000000000150d4        0x0 ../cme332_ex5_ucosii_bsp/\libucosii_bsp.a(altera_up_avalon_irda.o)
 .bss           0x00000000000150d4        0x0 ../cme332_ex5_ucosii_bsp/\libucosii_bsp.a(altera_up_avalon_ps2.o)
 .bss           0x00000000000150d4        0x0 ../cme332_ex5_ucosii_bsp/\libucosii_bsp.a(altera_up_avalon_rs232.o)
 .bss           0x00000000000150d4        0x0 ../cme332_ex5_ucosii_bsp/\libucosii_bsp.a(alt_alarm_start.o)
 .bss           0x00000000000150d4        0x0 ../cme332_ex5_ucosii_bsp/\libucosii_bsp.a(alt_dcache_flush_all.o)
 .bss           0x00000000000150d4        0x0 ../cme332_ex5_ucosii_bsp/\libucosii_bsp.a(alt_dev_llist_insert.o)
 .bss           0x00000000000150d4        0x0 ../cme332_ex5_ucosii_bsp/\libucosii_bsp.a(alt_do_ctors.o)
 .bss           0x00000000000150d4        0x0 ../cme332_ex5_ucosii_bsp/\libucosii_bsp.a(alt_do_dtors.o)
 .bss           0x00000000000150d4        0x0 ../cme332_ex5_ucosii_bsp/\libucosii_bsp.a(alt_find_dev.o)
 .bss           0x00000000000150d4        0x0 ../cme332_ex5_ucosii_bsp/\libucosii_bsp.a(alt_icache_flush_all.o)
 .bss           0x00000000000150d4        0x0 ../cme332_ex5_ucosii_bsp/\libucosii_bsp.a(alt_io_redirect.o)
 .bss           0x00000000000150d4        0x0 ../cme332_ex5_ucosii_bsp/\libucosii_bsp.a(alt_irq_register.o)
 .bss           0x00000000000150d4        0x0 ../cme332_ex5_ucosii_bsp/\libucosii_bsp.a(alt_irq_vars.o)
 .bss           0x00000000000150d4        0x0 ../cme332_ex5_ucosii_bsp/\libucosii_bsp.a(alt_open.o)
 .bss           0x00000000000150d4        0x0 ../cme332_ex5_ucosii_bsp/\libucosii_bsp.a(alt_tick.o)
 .bss           0x00000000000150d4        0x0 ../cme332_ex5_ucosii_bsp/\libucosii_bsp.a(altera_nios2_gen2_irq.o)
 .bss           0x00000000000150d4        0x0 ../cme332_ex5_ucosii_bsp/\libucosii_bsp.a(os_cpu_a.o)
 .bss           0x00000000000150d4        0x0 ../cme332_ex5_ucosii_bsp/\libucosii_bsp.a(os_cpu_c.o)
 .bss           0x00000000000150d4        0x0 ../cme332_ex5_ucosii_bsp/\libucosii_bsp.a(alt_find_file.o)
 .bss           0x00000000000150d4        0x0 ../cme332_ex5_ucosii_bsp/\libucosii_bsp.a(alt_get_fd.o)
 .bss           0x00000000000150d4        0x0 ../cme332_ex5_ucosii_bsp/\libucosii_bsp.a(alt_icache_flush.o)
 .bss           0x00000000000150d4        0x0 ../cme332_ex5_ucosii_bsp/\libucosii_bsp.a(alt_irq_entry.o)
 .bss           0x00000000000150d4        0x0 ../cme332_ex5_ucosii_bsp/\libucosii_bsp.a(alt_irq_handler.o)
 .bss           0x00000000000150d4        0x0 ../cme332_ex5_ucosii_bsp/\libucosii_bsp.a(alt_exception_entry.o)
 .bss           0x00000000000150d4        0x0 ../cme332_ex5_ucosii_bsp/\libucosii_bsp.a(alt_instruction_exception_entry.o)
 .bss           0x00000000000150d4        0x0 c:/intelfpga_lite/18.1/nios2eds/bin/gnu/h-x86_64-mingw32/bin/../lib/gcc/nios2-elf/5.3.0/../../../../../H-x86_64-mingw32/nios2-elf/lib/mhw-mulx\libc.a(lib_a-atexit.o)
 .bss           0x00000000000150d4        0x0 c:/intelfpga_lite/18.1/nios2eds/bin/gnu/h-x86_64-mingw32/bin/../lib/gcc/nios2-elf/5.3.0/../../../../../H-x86_64-mingw32/nios2-elf/lib/mhw-mulx\libc.a(lib_a-exit.o)
 .bss           0x00000000000150d4        0x0 c:/intelfpga_lite/18.1/nios2eds/bin/gnu/h-x86_64-mingw32/bin/../lib/gcc/nios2-elf/5.3.0/../../../../../H-x86_64-mingw32/nios2-elf/lib/mhw-mulx\libc.a(lib_a-memcmp.o)
 .bss           0x00000000000150d4        0x0 c:/intelfpga_lite/18.1/nios2eds/bin/gnu/h-x86_64-mingw32/bin/../lib/gcc/nios2-elf/5.3.0/../../../../../H-x86_64-mingw32/nios2-elf/lib/mhw-mulx\libc.a(lib_a-__atexit.o)
 .bss           0x00000000000150d4        0x0 c:/intelfpga_lite/18.1/nios2eds/bin/gnu/h-x86_64-mingw32/bin/../lib/gcc/nios2-elf/5.3.0/../../../../../H-x86_64-mingw32/nios2-elf/lib/mhw-mulx\libc.a(lib_a-__call_atexit.o)
 .bss           0x00000000000150d4        0x0 ../cme332_ex5_ucosii_bsp/\libucosii_bsp.a(alt_exit.o)
 *(COMMON)
 COMMON         0x00000000000150d4     0x6064 obj/default/binary_game.o
                0x00000000000150d4                machineStateTask_stk
                0x00000000000160d4                countTask_stk
                0x00000000000170d4                display_LEDR_task_stk
                0x00000000000180d4                display_task_HEX_task_stk
                0x00000000000190d4                commRxBuf
                0x0000000000019138                mainTask_stk
                0x000000000001a138                button_press_task_stk
 COMMON         0x000000000001b138     0x3224 ../cme332_ex5_ucosii_bsp/\libucosii_bsp.a(os_core.o)
                0x000000000001b138                OSFlagTbl
                0x000000000001b4a8                OSMemTbl
                0x000000000001c0d8                OSTaskStatStk
                0x000000000001c8d8                OSQTbl
                0x000000000001cab8                OSTaskIdleStk
                0x000000000001d2b8                OSEventTbl
                0x000000000001ddf8                OSTCBTbl
                0x000000000001e308                OSTCBPrioTbl
 COMMON         0x000000000001e35c      0x100 ../cme332_ex5_ucosii_bsp/\libucosii_bsp.a(alt_irq_handler.o)
                0x000000000001e35c                alt_irq
                0x000000000001e45c                . = ALIGN (0x4)
                0x000000000001e45c                __bss_end = ABSOLUTE (.)

.SDRAM          0x000000000001e45c        0x0
                [!provide]                        PROVIDE (_alt_partition_SDRAM_start, ABSOLUTE (.))
 *(.SDRAM .SDRAM. SDRAM.*)
                0x000000000001e45c                . = ALIGN (0x4)
                [!provide]                        PROVIDE (_alt_partition_SDRAM_end, ABSOLUTE (.))
                0x000000000001e45c                _end = ABSOLUTE (.)
                0x000000000001e45c                end = ABSOLUTE (.)